Archive member included because of file (symbol)

/usr/local/pkg/sourcery-g++-lite-arm-eabi-2010.09.51-i686-1/arm-none-eabi/lib/thumb2/libc.a(lib_a-abs.o)
                              m3pi.o (abs)
/usr/local/pkg/sourcery-g++-lite-arm-eabi-2010.09.51-i686-1/bin/../lib/gcc/arm-none-eabi/4.5.1/thumb2/libgcc.a(_arm_addsubdf3.o)
                              m3pi.o (__aeabi_i2d)
/usr/local/pkg/sourcery-g++-lite-arm-eabi-2010.09.51-i686-1/bin/../lib/gcc/arm-none-eabi/4.5.1/thumb2/libgcc.a(_arm_muldivdf3.o)
                              m3pi.o (__aeabi_ddiv)
/usr/local/pkg/sourcery-g++-lite-arm-eabi-2010.09.51-i686-1/bin/../lib/gcc/arm-none-eabi/4.5.1/thumb2/libgcc.a(_arm_truncdfsf2.o)
                              m3pi.o (__aeabi_d2f)
/usr/local/pkg/sourcery-g++-lite-arm-eabi-2010.09.51-i686-1/bin/../lib/gcc/arm-none-eabi/4.5.1/thumb2/libgcc.a(_arm_addsubsf3.o)
                              m3pi.o (__aeabi_i2f)
/usr/local/pkg/sourcery-g++-lite-arm-eabi-2010.09.51-i686-1/arm-none-eabi/lib/thumb2/libcs3.a(start_c.o)
                              (__cs3_start_c)
/usr/local/pkg/sourcery-g++-lite-arm-eabi-2010.09.51-i686-1/arm-none-eabi/lib/thumb2/libcs3unhosted.a(unhosted-start.o)
                              /usr/local/pkg/lpc1700-cmsis-lite-2011.01.26-i686-1/lib/startup_LPC17xx.o (_start)
/usr/local/pkg/sourcery-g++-lite-arm-eabi-2010.09.51-i686-1/arm-none-eabi/lib/thumb2/libc.a(lib_a-init.o)
                              /usr/local/pkg/sourcery-g++-lite-arm-eabi-2010.09.51-i686-1/arm-none-eabi/lib/thumb2/libcs3.a(start_c.o) (__libc_init_array)
/usr/local/pkg/lpc1700-cmsis-lite-2011.01.26-i686-1/lib/libDriversLPC17xxgnu.a(debug_frmwrk.o)
                              calibrate.o (_db_msg)
/usr/local/pkg/lpc1700-cmsis-lite-2011.01.26-i686-1/lib/libDriversLPC17xxgnu.a(lpc17xx_adc.o)
                              modules.o (ADC_Init)
/usr/local/pkg/lpc1700-cmsis-lite-2011.01.26-i686-1/lib/libDriversLPC17xxgnu.a(lpc17xx_clkpwr.o)
                              /usr/local/pkg/lpc1700-cmsis-lite-2011.01.26-i686-1/lib/libDriversLPC17xxgnu.a(lpc17xx_adc.o) (CLKPWR_GetPCLK)
/usr/local/pkg/lpc1700-cmsis-lite-2011.01.26-i686-1/lib/libDriversLPC17xxgnu.a(lpc17xx_gpio.o)
                              modules.o (GPIO_SetDir)
/usr/local/pkg/lpc1700-cmsis-lite-2011.01.26-i686-1/lib/libDriversLPC17xxgnu.a(lpc17xx_i2c.o)
                              modules.o (I2C_Init)
/usr/local/pkg/lpc1700-cmsis-lite-2011.01.26-i686-1/lib/libDriversLPC17xxgnu.a(lpc17xx_libcfg_default.o)
                              /usr/local/pkg/lpc1700-cmsis-lite-2011.01.26-i686-1/lib/libDriversLPC17xxgnu.a(lpc17xx_adc.o) (check_failed)
/usr/local/pkg/lpc1700-cmsis-lite-2011.01.26-i686-1/lib/libDriversLPC17xxgnu.a(lpc17xx_pinsel.o)
                              modules.o (PINSEL_ConfigPin)
/usr/local/pkg/lpc1700-cmsis-lite-2011.01.26-i686-1/lib/libDriversLPC17xxgnu.a(lpc17xx_systick.o)
                              modules.o (SYSTICK_InternalInit)
/usr/local/pkg/lpc1700-cmsis-lite-2011.01.26-i686-1/lib/libDriversLPC17xxgnu.a(lpc17xx_timer.o)
                              calibrate.o (TIM_GetIntStatus)
/usr/local/pkg/lpc1700-cmsis-lite-2011.01.26-i686-1/lib/libDriversLPC17xxgnu.a(lpc17xx_uart.o)
                              modules.o (UART_Init)
/usr/local/pkg/sourcery-g++-lite-arm-eabi-2010.09.51-i686-1/bin/../lib/gcc/arm-none-eabi/4.5.1/thumb2/libgcc.a(_arm_cmpsf2.o)
                              /usr/local/pkg/lpc1700-cmsis-lite-2011.01.26-i686-1/lib/libDriversLPC17xxgnu.a(lpc17xx_systick.o) (__aeabi_fcmpgt)
/usr/local/pkg/sourcery-g++-lite-arm-eabi-2010.09.51-i686-1/bin/../lib/gcc/arm-none-eabi/4.5.1/thumb2/libgcc.a(_aeabi_uldivmod.o)
                              /usr/local/pkg/lpc1700-cmsis-lite-2011.01.26-i686-1/lib/libDriversLPC17xxgnu.a(lpc17xx_timer.o) (__aeabi_uldivmod)
/usr/local/pkg/sourcery-g++-lite-arm-eabi-2010.09.51-i686-1/bin/../lib/gcc/arm-none-eabi/4.5.1/thumb2/libgcc.a(bpabi.o)
                              /usr/local/pkg/sourcery-g++-lite-arm-eabi-2010.09.51-i686-1/bin/../lib/gcc/arm-none-eabi/4.5.1/thumb2/libgcc.a(_aeabi_uldivmod.o) (__gnu_uldivmod_helper)
/usr/local/pkg/sourcery-g++-lite-arm-eabi-2010.09.51-i686-1/bin/../lib/gcc/arm-none-eabi/4.5.1/thumb2/libgcc.a(_dvmd_tls.o)
                              /usr/local/pkg/sourcery-g++-lite-arm-eabi-2010.09.51-i686-1/bin/../lib/gcc/arm-none-eabi/4.5.1/thumb2/libgcc.a(_aeabi_uldivmod.o) (__aeabi_ldiv0)
/usr/local/pkg/sourcery-g++-lite-arm-eabi-2010.09.51-i686-1/bin/../lib/gcc/arm-none-eabi/4.5.1/thumb2/libgcc.a(_divdi3.o)
                              /usr/local/pkg/sourcery-g++-lite-arm-eabi-2010.09.51-i686-1/bin/../lib/gcc/arm-none-eabi/4.5.1/thumb2/libgcc.a(bpabi.o) (__divdi3)
/usr/local/pkg/sourcery-g++-lite-arm-eabi-2010.09.51-i686-1/bin/../lib/gcc/arm-none-eabi/4.5.1/thumb2/libgcc.a(_udivdi3.o)
                              /usr/local/pkg/sourcery-g++-lite-arm-eabi-2010.09.51-i686-1/bin/../lib/gcc/arm-none-eabi/4.5.1/thumb2/libgcc.a(bpabi.o) (__udivdi3)
[...]
Memory Configuration

Name             Origin             Length             Attributes
rom              0x00000000         0x00080000         xr
ram              0x10000000         0x00008000         xrw
ram1             0x2007c000         0x00004000         xrw
ram2             0x20080000         0x00004000         xrw
*default*        0x00000000         0xffffffff

Linker script and memory map

LOAD /usr/local/pkg/sourcery-g++-lite-arm-eabi-2010.09.51-i686-1/bin/../lib/gcc/arm-none-eabi/4.5.1/thumb2/crti.o
LOAD /usr/local/pkg/sourcery-g++-lite-arm-eabi-2010.09.51-i686-1/bin/../lib/gcc/arm-none-eabi/4.5.1/thumb2/crtbegin.o
LOAD calibrate.o
LOAD modules.o
LOAD m3pi.o
LOAD /usr/local/pkg/lpc1700-cmsis-lite-2011.01.26-i686-1/lib/core_cm3.o
LOAD /usr/local/pkg/lpc1700-cmsis-lite-2011.01.26-i686-1/lib/system_LPC17xx.o
LOAD /usr/local/pkg/lpc1700-cmsis-lite-2011.01.26-i686-1/lib/startup_LPC17xx.o
START GROUP
LOAD /usr/local/pkg/sourcery-g++-lite-arm-eabi-2010.09.51-i686-1/arm-none-eabi/lib/thumb2/libc.a
LOAD /usr/local/pkg/sourcery-g++-lite-arm-eabi-2010.09.51-i686-1/arm-none-eabi/lib/thumb2/libg.a
LOAD /usr/local/pkg/sourcery-g++-lite-arm-eabi-2010.09.51-i686-1/arm-none-eabi/lib/thumb2/libstdc++.a
LOAD /usr/local/pkg/sourcery-g++-lite-arm-eabi-2010.09.51-i686-1/arm-none-eabi/lib/thumb2/libsupc++.a
LOAD /usr/local/pkg/sourcery-g++-lite-arm-eabi-2010.09.51-i686-1/bin/../lib/gcc/arm-none-eabi/4.5.1/thumb2/libgcc.a
LOAD /usr/local/pkg/sourcery-g++-lite-arm-eabi-2010.09.51-i686-1/arm-none-eabi/lib/thumb2/libm.a
END GROUP
START GROUP
LOAD /usr/local/pkg/sourcery-g++-lite-arm-eabi-2010.09.51-i686-1/bin/../lib/gcc/arm-none-eabi/4.5.1/thumb2/libgcc.a
LOAD /usr/local/pkg/sourcery-g++-lite-arm-eabi-2010.09.51-i686-1/arm-none-eabi/lib/thumb2/libc.a
LOAD /usr/local/pkg/sourcery-g++-lite-arm-eabi-2010.09.51-i686-1/arm-none-eabi/lib/thumb2/libcs3.a
LOAD /usr/local/pkg/sourcery-g++-lite-arm-eabi-2010.09.51-i686-1/arm-none-eabi/lib/thumb2/libcs3unhosted.a
LOAD /usr/local/pkg/sourcery-g++-lite-arm-eabi-2010.09.51-i686-1/arm-none-eabi/lib/thumb2/libcs3micro.a
END GROUP
                0x10008000                PROVIDE (__cs3_stack, (__cs3_region_start_ram + __cs3_region_size_ram))
                0x00007f78                PROVIDE (__cs3_stack_size, ((__cs3_region_start_ram + __cs3_region_size_ram) - _end))
                0x10000088                PROVIDE (__cs3_heap_start, _end)
                0x10008000                PROVIDE (__cs3_heap_end, (__cs3_region_start_ram + __cs3_region_size_ram))

.text           0x00000000     0x863c
 CREATE_OBJECT_SYMBOLS
                0x00000000                __cs3_region_start_rom = .
 *(.cs3.region-head.rom)
                0x00000000                __cs3_interrupt_vector = __cs3_interrupt_vector_cortex_m
 *(.cs3.interrupt_vector)
 .cs3.interrupt_vector
                0x00000000       0xcc /usr/local/pkg/lpc1700-cmsis-lite-2011.01.26-i686-1/lib/startup_LPC17xx.o
                0x00000000                __cs3_interrupt_vector_cortex_m
                0x00000001                ASSERT ((. != __cs3_interrupt_vector_cortex_m), No interrupt vector)
 *(.rom)
 *(.rom.b)
                0x000000cc                __cs3_reset = __cs3_reset_cortex_m
 *(.cs3.reset)
 .cs3.reset     0x000000cc       0x10 /usr/local/pkg/lpc1700-cmsis-lite-2011.01.26-i686-1/lib/startup_LPC17xx.o
                0x000000cc                __cs3_reset_cortex_m
                0x00000001                ASSERT ((. != __cs3_reset), No reset code)
 *(.text .text.* .gnu.linkonce.t.*)
 .text          0x000000dc        0x0 /usr/local/pkg/sourcery-g++-lite-arm-eabi-2010.09.51-i686-1/bin/../lib/gcc/arm-none-eabi/4.5.1/thumb2/crti.o
 .text          0x000000dc       0x30 /usr/local/pkg/sourcery-g++-lite-arm-eabi-2010.09.51-i686-1/bin/../lib/gcc/arm-none-eabi/4.5.1/thumb2/crtbegin.o
 .text          0x0000010c        0x0 calibrate.o
 .text.TIMER0_IRQHandler
                0x0000010c      0x134 calibrate.o
                0x0000010c                TIMER0_IRQHandler
 .text.ADC_IRQHandler
                0x00000240        0xc calibrate.o
                0x00000240                ADC_IRQHandler
 .text.EINT3_IRQHandler
                0x0000024c       0x30 calibrate.o
                0x0000024c                EINT3_IRQHandler
 .text.generateLUT
                0x0000027c       0x4c calibrate.o
                0x0000027c                generateLUT
 .text.custom   0x000002c8       0x24 calibrate.o
                0x000002c8                custom
 .text.main     0x000002ec       0xa0 calibrate.o
                0x000002ec                main
 .text          0x0000038c        0x0 modules.o
 .text.NVIC_EnableIRQ
                0x0000038c       0x38 modules.o
 .text.NVIC_SetPriority
                0x000003c4       0x5c modules.o
 .text.serputc  0x00000420       0x2c modules.o
                0x00000420                serputc
 .text.sergetc  0x0000044c       0x2c modules.o
                0x0000044c                sergetc
 .text.m3pi_init
                0x00000478       0xc4 modules.o
                0x00000478                m3pi_init
 .text.timer0_init
                0x0000053c       0xb4 modules.o
                0x0000053c                timer0_init
 .text.adc_init
                0x000005f0       0x60 modules.o
                0x000005f0                adc_init
 .text.digital_init
                0x00000650       0x50 modules.o
                0x00000650                digital_init
 .text.compass_init
                0x000006a0       0x68 modules.o
                0x000006a0                compass_init
 .text.compass_trx
                0x00000708       0x60 modules.o
                0x00000708                compass_trx
 .text.led_init
                0x00000768       0x24 modules.o
                0x00000768                led_init
 .text.led      0x0000078c       0x34 modules.o
                0x0000078c                led
 .text.read_analog
                0x000007c0       0xb0 modules.o
                0x000007c0                read_analog
 .text.systick_init
                0x00000870       0x24 modules.o
                0x00000870                systick_init
 .text.delay_ms
                0x00000894       0x18 modules.o
                0x00000894                delay_ms
 .text.align    0x000008ac      0x260 modules.o
                0x000008ac                align
 .text.nextLine
                0x00000b0c      0x194 modules.o
                0x00000b0c                nextLine
 .text.wallFollow
                0x00000ca0      0x324 modules.o
                0x00000ca0                wallFollow
 .text          0x00000fc4        0x0 m3pi.o
 .text.left_motor
                0x00000fc4       0x20 m3pi.o
                0x00000fc4                left_motor
 .text.right_motor
                0x00000fe4       0x20 m3pi.o
                0x00000fe4                right_motor
 .text.forward  0x00001004       0x30 m3pi.o
                0x00001004                forward
 .text.backward
                0x00001034       0x3c m3pi.o
                0x00001034                backward
 .text.left     0x00001070       0x34 m3pi.o
                0x00001070                left
 .text.right    0x000010a4       0x34 m3pi.o
                0x000010a4                right
 .text.stop     0x000010d8       0x20 m3pi.o
                0x000010d8                stop
 .text.motor    0x000010f8       0x70 m3pi.o
                0x000010f8                motor
 .text.battery  0x00001168       0x68 m3pi.o
                0x00001168                battery
 .text.line_position
                0x000011d0       0x3c m3pi.o
                0x000011d0                line_position
 .text.sensors_line_position
                0x0000120c       0xd4 m3pi.o
                0x0000120c                sensors_line_position
 .text.sensor_auto_calibrate
                0x000012e0       0x18 m3pi.o
                0x000012e0                sensor_auto_calibrate
 .text.calibrate
                0x000012f8       0x10 m3pi.o
                0x000012f8                calibrate
 .text.reset_calibration
                0x00001308       0x10 m3pi.o
                0x00001308                reset_calibration
 .text.PID_start
                0x00001318       0x50 m3pi.o
                0x00001318                PID_start
 .text.PID_stop
                0x00001368       0x10 m3pi.o
                0x00001368                PID_stop
 .text.pot_voltage
                0x00001378       0x40 m3pi.o
                0x00001378                pot_voltage
 .text.play_sound
                0x000013b8       0x4c m3pi.o
                0x000013b8                play_sound
 .text.locate   0x00001404       0x30 m3pi.o
                0x00001404                locate
 .text.cls      0x00001434       0x10 m3pi.o
                0x00001434                cls
 .text.print    0x00001444       0x50 m3pi.o
                0x00001444                print
 .text._putc    0x00001494       0x30 m3pi.o
                0x00001494                _putc
 .text._getc    0x000014c4       0x1c m3pi.o
                0x000014c4                _getc
 .text          0x000014e0        0x0 /usr/local/pkg/lpc1700-cmsis-lite-2011.01.26-i686-1/lib/core_cm3.o
 .text          0x000014e0        0x0 /usr/local/pkg/lpc1700-cmsis-lite-2011.01.26-i686-1/lib/system_LPC17xx.o
 .text.SystemCoreClockUpdate
                0x000014e0      0x228 /usr/local/pkg/lpc1700-cmsis-lite-2011.01.26-i686-1/lib/system_LPC17xx.o
                0x000014e0                SystemCoreClockUpdate
 .text.SystemInit
                0x00001708      0x240 /usr/local/pkg/lpc1700-cmsis-lite-2011.01.26-i686-1/lib/system_LPC17xx.o
                0x00001708                SystemInit
 .text          0x00001948       0x14 /usr/local/pkg/lpc1700-cmsis-lite-2011.01.26-i686-1/lib/startup_LPC17xx.o
                0x00001948                NMI_Handler
                0x0000194a                HardFault_Handler
                0x0000194c                MemManage_Handler
                0x0000194e                BusFault_Handler
                0x00001950                UsageFault_Handler
                0x00001952                SVC_Handler
                0x00001954                DebugMon_Handler
                0x00001956                PendSV_Handler
                0x00001958                SysTick_Handler
                0x0000195a                TIMER2_IRQHandler
                0x0000195a                RIT_IRQHandler
                0x0000195a                I2C0_IRQHandler
                0x0000195a                USBActivity_IRQHandler
                0x0000195a                PWM1_IRQHandler
                0x0000195a                I2C1_IRQHandler
                0x0000195a                EINT2_IRQHandler
                0x0000195a                UART1_IRQHandler
                0x0000195a                CANActivity_IRQHandler
                0x0000195a                TIMER3_IRQHandler
                0x0000195a                UART0_IRQHandler
                0x0000195a                PLL0_IRQHandler
                0x0000195a                CAN_IRQHandler
                0x0000195a                PLL1_IRQHandler
                0x0000195a                SSP0_IRQHandler
                0x0000195a                I2S_IRQHandler
                0x0000195a                I2C2_IRQHandler
                0x0000195a                RTC_IRQHandler
                0x0000195a                SPI_IRQHandler
                0x0000195a                EINT1_IRQHandler
                0x0000195a                TIMER1_IRQHandler
                0x0000195a                UART2_IRQHandler
                0x0000195a                Default_Handler
                0x0000195a                SSP1_IRQHandler
                0x0000195a                USB_IRQHandler
                0x0000195a                BOD_IRQHandler
                0x0000195a                WDT_IRQHandler
                0x0000195a                QEI_IRQHandler
                0x0000195a                EINT0_IRQHandler
                0x0000195a                DMA_IRQHandler
                0x0000195a                UART3_IRQHandler
                0x0000195a                MCPWM_IRQHandler
                0x0000195a                ENET_IRQHandler
 .text          0x0000195c        0x8 /usr/local/pkg/sourcery-g++-lite-arm-eabi-2010.09.51-i686-1/arm-none-eabi/lib/thumb2/libc.a(lib_a-abs.o)
                0x0000195c                abs
 .text          0x00001964      0x370 /usr/local/pkg/sourcery-g++-lite-arm-eabi-2010.09.51-i686-1/bin/../lib/gcc/arm-none-eabi/4.5.1/thumb2/libgcc.a(_arm_addsubdf3.o)
                0x00001964                __aeabi_drsub
                0x0000196c                __aeabi_dsub
                0x0000196c                __subdf3
                0x00001970                __adddf3
                0x00001970                __aeabi_dadd
                0x00001be8                __aeabi_ui2d
                0x00001be8                __floatunsidf
                0x00001c08                __floatsidf
                0x00001c08                __aeabi_i2d
                0x00001c2c                __extendsfdf2
                0x00001c2c                __aeabi_f2d
                0x00001c68                __aeabi_ul2d
                0x00001c68                __floatundidf
                0x00001c78                __floatdidf
                0x00001c78                __aeabi_l2d
 .text          0x00001cd4      0x424 /usr/local/pkg/sourcery-g++-lite-arm-eabi-2010.09.51-i686-1/bin/../lib/gcc/arm-none-eabi/4.5.1/thumb2/libgcc.a(_arm_muldivdf3.o)
                0x00001cd4                __aeabi_dmul
                0x00001cd4                __muldf3
                0x00001f28                __aeabi_ddiv
                0x00001f28                __divdf3
 .text          0x000020f8       0xa0 /usr/local/pkg/sourcery-g++-lite-arm-eabi-2010.09.51-i686-1/bin/../lib/gcc/arm-none-eabi/4.5.1/thumb2/libgcc.a(_arm_truncdfsf2.o)
                0x000020f8                __aeabi_d2f
                0x000020f8                __truncdfsf2
 .text          0x00002198      0x21c /usr/local/pkg/sourcery-g++-lite-arm-eabi-2010.09.51-i686-1/bin/../lib/gcc/arm-none-eabi/4.5.1/thumb2/libgcc.a(_arm_addsubsf3.o)
                0x00002198                __aeabi_frsub
                0x000021a0                __subsf3
                0x000021a0                __aeabi_fsub
                0x000021a4                __aeabi_fadd
                0x000021a4                __addsf3
                0x00002304                __aeabi_ui2f
                0x00002304                __floatunsisf
                0x0000230c                __aeabi_i2f
                0x0000230c                __floatsisf
                0x00002328                __floatundisf
                0x00002328                __aeabi_ul2f
                0x00002338                __floatdisf
                0x00002338                __aeabi_l2f
 .text          0x000023b4       0x30 /usr/local/pkg/sourcery-g++-lite-arm-eabi-2010.09.51-i686-1/arm-none-eabi/lib/thumb2/libcs3.a(start_c.o)
                0x000023b4                __cs3_premain
 .text.cs3.init
                0x000023e4       0x50 /usr/local/pkg/sourcery-g++-lite-arm-eabi-2010.09.51-i686-1/arm-none-eabi/lib/thumb2/libcs3.a(start_c.o)
                0x000023e4                __cs3_start_c
 .text          0x00002434        0x0 /usr/local/pkg/sourcery-g++-lite-arm-eabi-2010.09.51-i686-1/arm-none-eabi/lib/thumb2/libcs3unhosted.a(unhosted-start.o)
 .text.cs3.init
                0x00002434       0x10 /usr/local/pkg/sourcery-g++-lite-arm-eabi-2010.09.51-i686-1/arm-none-eabi/lib/thumb2/libcs3unhosted.a(unhosted-start.o)
                0x00002434                _start
 .text          0x00002444       0x50 /usr/local/pkg/sourcery-g++-lite-arm-eabi-2010.09.51-i686-1/arm-none-eabi/lib/thumb2/libc.a(lib_a-init.o)
                0x00002444                __libc_init_array
 .text          0x00002494        0x0 /usr/local/pkg/lpc1700-cmsis-lite-2011.01.26-i686-1/lib/libDriversLPC17xxgnu.a(debug_frmwrk.o)
 .text.UARTPutChar
                0x00002494       0x28 /usr/local/pkg/lpc1700-cmsis-lite-2011.01.26-i686-1/lib/libDriversLPC17xxgnu.a(debug_frmwrk.o)
                0x00002494                UARTPutChar
 .text.UARTGetChar
                0x000024bc       0x30 /usr/local/pkg/lpc1700-cmsis-lite-2011.01.26-i686-1/lib/libDriversLPC17xxgnu.a(debug_frmwrk.o)
                0x000024bc                UARTGetChar
 .text.UARTPuts
                0x000024ec       0x34 /usr/local/pkg/lpc1700-cmsis-lite-2011.01.26-i686-1/lib/libDriversLPC17xxgnu.a(debug_frmwrk.o)
                0x000024ec                UARTPuts
 .text.UARTPuts_
                0x00002520       0x28 /usr/local/pkg/lpc1700-cmsis-lite-2011.01.26-i686-1/lib/libDriversLPC17xxgnu.a(debug_frmwrk.o)
                0x00002520                UARTPuts_
 .text.UARTPutDec
                0x00002548       0xd0 /usr/local/pkg/lpc1700-cmsis-lite-2011.01.26-i686-1/lib/libDriversLPC17xxgnu.a(debug_frmwrk.o)
                0x00002548                UARTPutDec
 .text.UARTPutDec16
                0x00002618      0x160 /usr/local/pkg/lpc1700-cmsis-lite-2011.01.26-i686-1/lib/libDriversLPC17xxgnu.a(debug_frmwrk.o)
                0x00002618                UARTPutDec16
 .text.UARTPutDec32
                0x00002778      0x2b4 /usr/local/pkg/lpc1700-cmsis-lite-2011.01.26-i686-1/lib/libDriversLPC17xxgnu.a(debug_frmwrk.o)
                0x00002778                UARTPutDec32
 .text.UARTPutHex
                0x00002a2c       0x74 /usr/local/pkg/lpc1700-cmsis-lite-2011.01.26-i686-1/lib/libDriversLPC17xxgnu.a(debug_frmwrk.o)
                0x00002a2c                UARTPutHex
 .text.UARTPutHex16
                0x00002aa0       0x74 /usr/local/pkg/lpc1700-cmsis-lite-2011.01.26-i686-1/lib/libDriversLPC17xxgnu.a(debug_frmwrk.o)
                0x00002aa0                UARTPutHex16
 .text.UARTPutHex32
                0x00002b14       0x74 /usr/local/pkg/lpc1700-cmsis-lite-2011.01.26-i686-1/lib/libDriversLPC17xxgnu.a(debug_frmwrk.o)
                0x00002b14                UARTPutHex32
 .text.debug_frmwrk_init
                0x00002b88      0x124 /usr/local/pkg/lpc1700-cmsis-lite-2011.01.26-i686-1/lib/libDriversLPC17xxgnu.a(debug_frmwrk.o)
                0x00002b88                debug_frmwrk_init
 .text          0x00002cac        0x0 /usr/local/pkg/lpc1700-cmsis-lite-2011.01.26-i686-1/lib/libDriversLPC17xxgnu.a(lpc17xx_adc.o)
 .text.ADC_Init
                0x00002cac       0xa4 /usr/local/pkg/lpc1700-cmsis-lite-2011.01.26-i686-1/lib/libDriversLPC17xxgnu.a(lpc17xx_adc.o)
                0x00002cac                ADC_Init
 .text.ADC_DeInit
                0x00002d50       0x48 /usr/local/pkg/lpc1700-cmsis-lite-2011.01.26-i686-1/lib/libDriversLPC17xxgnu.a(lpc17xx_adc.o)
                0x00002d50                ADC_DeInit
 .text.ADC_GetData
                0x00002d98       0x38 /usr/local/pkg/lpc1700-cmsis-lite-2011.01.26-i686-1/lib/libDriversLPC17xxgnu.a(lpc17xx_adc.o)
                0x00002d98                ADC_GetData
 .text.ADC_StartCmd
                0x00002dd0       0x90 /usr/local/pkg/lpc1700-cmsis-lite-2011.01.26-i686-1/lib/libDriversLPC17xxgnu.a(lpc17xx_adc.o)
                0x00002dd0                ADC_StartCmd
 .text.ADC_BurstCmd
                0x00002e60       0x50 /usr/local/pkg/lpc1700-cmsis-lite-2011.01.26-i686-1/lib/libDriversLPC17xxgnu.a(lpc17xx_adc.o)
                0x00002e60                ADC_BurstCmd
 .text.ADC_PowerdownCmd
                0x00002eb0       0x50 /usr/local/pkg/lpc1700-cmsis-lite-2011.01.26-i686-1/lib/libDriversLPC17xxgnu.a(lpc17xx_adc.o)
                0x00002eb0                ADC_PowerdownCmd
 .text.ADC_EdgeStartConfig
                0x00002f00       0x6c /usr/local/pkg/lpc1700-cmsis-lite-2011.01.26-i686-1/lib/libDriversLPC17xxgnu.a(lpc17xx_adc.o)
                0x00002f00                ADC_EdgeStartConfig
 .text.ADC_IntConfig
                0x00002f6c       0xb4 /usr/local/pkg/lpc1700-cmsis-lite-2011.01.26-i686-1/lib/libDriversLPC17xxgnu.a(lpc17xx_adc.o)
                0x00002f6c                ADC_IntConfig
 .text.ADC_ChannelCmd
                0x00003020       0x70 /usr/local/pkg/lpc1700-cmsis-lite-2011.01.26-i686-1/lib/libDriversLPC17xxgnu.a(lpc17xx_adc.o)
                0x00003020                ADC_ChannelCmd
 .text.ADC_ChannelGetData
                0x00003090       0x58 /usr/local/pkg/lpc1700-cmsis-lite-2011.01.26-i686-1/lib/libDriversLPC17xxgnu.a(lpc17xx_adc.o)
                0x00003090                ADC_ChannelGetData
 .text.ADC_ChannelGetStatus
                0x000030e8       0x8c /usr/local/pkg/lpc1700-cmsis-lite-2011.01.26-i686-1/lib/libDriversLPC17xxgnu.a(lpc17xx_adc.o)
                0x000030e8                ADC_ChannelGetStatus
 .text.ADC_GlobalGetData
                0x00003174       0x34 /usr/local/pkg/lpc1700-cmsis-lite-2011.01.26-i686-1/lib/libDriversLPC17xxgnu.a(lpc17xx_adc.o)
                0x00003174                ADC_GlobalGetData
 .text.ADC_GlobalGetStatus
                0x000031a8       0x7c /usr/local/pkg/lpc1700-cmsis-lite-2011.01.26-i686-1/lib/libDriversLPC17xxgnu.a(lpc17xx_adc.o)
                0x000031a8                ADC_GlobalGetStatus
 .text          0x00003224        0x0 /usr/local/pkg/lpc1700-cmsis-lite-2011.01.26-i686-1/lib/libDriversLPC17xxgnu.a(lpc17xx_clkpwr.o)
 .text.CLKPWR_SetPCLKDiv
                0x00003224       0xd4 /usr/local/pkg/lpc1700-cmsis-lite-2011.01.26-i686-1/lib/libDriversLPC17xxgnu.a(lpc17xx_clkpwr.o)
                0x00003224                CLKPWR_SetPCLKDiv
 .text.CLKPWR_GetPCLKSEL
                0x000032f8       0x54 /usr/local/pkg/lpc1700-cmsis-lite-2011.01.26-i686-1/lib/libDriversLPC17xxgnu.a(lpc17xx_clkpwr.o)
                0x000032f8                CLKPWR_GetPCLKSEL
 .text.CLKPWR_GetPCLK
                0x0000334c       0x70 /usr/local/pkg/lpc1700-cmsis-lite-2011.01.26-i686-1/lib/libDriversLPC17xxgnu.a(lpc17xx_clkpwr.o)
                0x0000334c                CLKPWR_GetPCLK
 .text.CLKPWR_ConfigPPWR
                0x000033bc       0x80 /usr/local/pkg/lpc1700-cmsis-lite-2011.01.26-i686-1/lib/libDriversLPC17xxgnu.a(lpc17xx_clkpwr.o)
                0x000033bc                CLKPWR_ConfigPPWR
 .text.CLKPWR_Sleep
                0x0000343c       0x1c /usr/local/pkg/lpc1700-cmsis-lite-2011.01.26-i686-1/lib/libDriversLPC17xxgnu.a(lpc17xx_clkpwr.o)
                0x0000343c                CLKPWR_Sleep
 .text.CLKPWR_DeepSleep
                0x00003458       0x2c /usr/local/pkg/lpc1700-cmsis-lite-2011.01.26-i686-1/lib/libDriversLPC17xxgnu.a(lpc17xx_clkpwr.o)
                0x00003458                CLKPWR_DeepSleep
 .text.CLKPWR_PowerDown
                0x00003484       0x2c /usr/local/pkg/lpc1700-cmsis-lite-2011.01.26-i686-1/lib/libDriversLPC17xxgnu.a(lpc17xx_clkpwr.o)
                0x00003484                CLKPWR_PowerDown
 .text.CLKPWR_DeepPowerDown
                0x000034b0       0x2c /usr/local/pkg/lpc1700-cmsis-lite-2011.01.26-i686-1/lib/libDriversLPC17xxgnu.a(lpc17xx_clkpwr.o)
                0x000034b0                CLKPWR_DeepPowerDown
 .text          0x000034dc        0x0 /usr/local/pkg/lpc1700-cmsis-lite-2011.01.26-i686-1/lib/libDriversLPC17xxgnu.a(lpc17xx_gpio.o)
 .text.GPIO_GetPointer
                0x000034dc       0x7c /usr/local/pkg/lpc1700-cmsis-lite-2011.01.26-i686-1/lib/libDriversLPC17xxgnu.a(lpc17xx_gpio.o)
 .text.FIO_HalfWordGetPointer
                0x00003558       0x7c /usr/local/pkg/lpc1700-cmsis-lite-2011.01.26-i686-1/lib/libDriversLPC17xxgnu.a(lpc17xx_gpio.o)
 .text.FIO_ByteGetPointer
                0x000035d4       0x7c /usr/local/pkg/lpc1700-cmsis-lite-2011.01.26-i686-1/lib/libDriversLPC17xxgnu.a(lpc17xx_gpio.o)
 .text.GPIO_SetDir
                0x00003650       0x50 /usr/local/pkg/lpc1700-cmsis-lite-2011.01.26-i686-1/lib/libDriversLPC17xxgnu.a(lpc17xx_gpio.o)
                0x00003650                GPIO_SetDir
 .text.GPIO_SetValue
                0x000036a0       0x2c /usr/local/pkg/lpc1700-cmsis-lite-2011.01.26-i686-1/lib/libDriversLPC17xxgnu.a(lpc17xx_gpio.o)
                0x000036a0                GPIO_SetValue
 .text.GPIO_ClearValue
                0x000036cc       0x2c /usr/local/pkg/lpc1700-cmsis-lite-2011.01.26-i686-1/lib/libDriversLPC17xxgnu.a(lpc17xx_gpio.o)
                0x000036cc                GPIO_ClearValue
 .text.GPIO_ReadValue
                0x000036f8       0x30 /usr/local/pkg/lpc1700-cmsis-lite-2011.01.26-i686-1/lib/libDriversLPC17xxgnu.a(lpc17xx_gpio.o)
                0x000036f8                GPIO_ReadValue
 .text.GPIO_IntCmd
                0x00003728       0x84 /usr/local/pkg/lpc1700-cmsis-lite-2011.01.26-i686-1/lib/libDriversLPC17xxgnu.a(lpc17xx_gpio.o)
                0x00003728                GPIO_IntCmd
 .text.GPIO_GetIntStatus
                0x000037ac       0xc0 /usr/local/pkg/lpc1700-cmsis-lite-2011.01.26-i686-1/lib/libDriversLPC17xxgnu.a(lpc17xx_gpio.o)
                0x000037ac                GPIO_GetIntStatus
 .text.GPIO_ClearInt
                0x0000386c       0x40 /usr/local/pkg/lpc1700-cmsis-lite-2011.01.26-i686-1/lib/libDriversLPC17xxgnu.a(lpc17xx_gpio.o)
                0x0000386c                GPIO_ClearInt
 .text.FIO_SetDir
                0x000038ac       0x28 /usr/local/pkg/lpc1700-cmsis-lite-2011.01.26-i686-1/lib/libDriversLPC17xxgnu.a(lpc17xx_gpio.o)
                0x000038ac                FIO_SetDir
 .text.FIO_SetValue
                0x000038d4       0x20 /usr/local/pkg/lpc1700-cmsis-lite-2011.01.26-i686-1/lib/libDriversLPC17xxgnu.a(lpc17xx_gpio.o)
                0x000038d4                FIO_SetValue
 .text.FIO_ClearValue
                0x000038f4       0x20 /usr/local/pkg/lpc1700-cmsis-lite-2011.01.26-i686-1/lib/libDriversLPC17xxgnu.a(lpc17xx_gpio.o)
                0x000038f4                FIO_ClearValue
 .text.FIO_ReadValue
                0x00003914       0x20 /usr/local/pkg/lpc1700-cmsis-lite-2011.01.26-i686-1/lib/libDriversLPC17xxgnu.a(lpc17xx_gpio.o)
                0x00003914                FIO_ReadValue
 .text.FIO_IntCmd
                0x00003934       0x28 /usr/local/pkg/lpc1700-cmsis-lite-2011.01.26-i686-1/lib/libDriversLPC17xxgnu.a(lpc17xx_gpio.o)
                0x00003934                FIO_IntCmd
 .text.FIO_GetIntStatus
                0x0000395c       0x2c /usr/local/pkg/lpc1700-cmsis-lite-2011.01.26-i686-1/lib/libDriversLPC17xxgnu.a(lpc17xx_gpio.o)
                0x0000395c                FIO_GetIntStatus
 .text.FIO_ClearInt
                0x00003988       0x20 /usr/local/pkg/lpc1700-cmsis-lite-2011.01.26-i686-1/lib/libDriversLPC17xxgnu.a(lpc17xx_gpio.o)
                0x00003988                FIO_ClearInt
 .text.FIO_SetMask
                0x000039a8       0x50 /usr/local/pkg/lpc1700-cmsis-lite-2011.01.26-i686-1/lib/libDriversLPC17xxgnu.a(lpc17xx_gpio.o)
                0x000039a8                FIO_SetMask
 .text.FIO_HalfWordSetDir
                0x000039f8       0x9c /usr/local/pkg/lpc1700-cmsis-lite-2011.01.26-i686-1/lib/libDriversLPC17xxgnu.a(lpc17xx_gpio.o)
                0x000039f8                FIO_HalfWordSetDir
 .text.FIO_HalfWordSetMask
                0x00003a94       0x9c /usr/local/pkg/lpc1700-cmsis-lite-2011.01.26-i686-1/lib/libDriversLPC17xxgnu.a(lpc17xx_gpio.o)
                0x00003a94                FIO_HalfWordSetMask
 .text.FIO_HalfWordSetValue
                0x00003b30       0x40 /usr/local/pkg/lpc1700-cmsis-lite-2011.01.26-i686-1/lib/libDriversLPC17xxgnu.a(lpc17xx_gpio.o)
                0x00003b30                FIO_HalfWordSetValue
 .text.FIO_HalfWordClearValue
                0x00003b70       0x40 /usr/local/pkg/lpc1700-cmsis-lite-2011.01.26-i686-1/lib/libDriversLPC17xxgnu.a(lpc17xx_gpio.o)
                0x00003b70                FIO_HalfWordClearValue
 .text.FIO_HalfWordReadValue
                0x00003bb0       0x44 /usr/local/pkg/lpc1700-cmsis-lite-2011.01.26-i686-1/lib/libDriversLPC17xxgnu.a(lpc17xx_gpio.o)
                0x00003bb0                FIO_HalfWordReadValue
 .text.FIO_ByteSetDir
                0x00003bf4       0x70 /usr/local/pkg/lpc1700-cmsis-lite-2011.01.26-i686-1/lib/libDriversLPC17xxgnu.a(lpc17xx_gpio.o)
                0x00003bf4                FIO_ByteSetDir
 .text.FIO_ByteSetMask
                0x00003c64       0x78 /usr/local/pkg/lpc1700-cmsis-lite-2011.01.26-i686-1/lib/libDriversLPC17xxgnu.a(lpc17xx_gpio.o)
                0x00003c64                FIO_ByteSetMask
 .text.FIO_ByteSetValue
                0x00003cdc       0x3c /usr/local/pkg/lpc1700-cmsis-lite-2011.01.26-i686-1/lib/libDriversLPC17xxgnu.a(lpc17xx_gpio.o)
                0x00003cdc                FIO_ByteSetValue
 .text.FIO_ByteClearValue
                0x00003d18       0x3c /usr/local/pkg/lpc1700-cmsis-lite-2011.01.26-i686-1/lib/libDriversLPC17xxgnu.a(lpc17xx_gpio.o)
                0x00003d18                FIO_ByteClearValue
 .text.FIO_ByteReadValue
                0x00003d54       0x40 /usr/local/pkg/lpc1700-cmsis-lite-2011.01.26-i686-1/lib/libDriversLPC17xxgnu.a(lpc17xx_gpio.o)
                0x00003d54                FIO_ByteReadValue
 .text          0x00003d94        0x0 /usr/local/pkg/lpc1700-cmsis-lite-2011.01.26-i686-1/lib/libDriversLPC17xxgnu.a(lpc17xx_i2c.o)
 .text.NVIC_EnableIRQ
                0x00003d94       0x38 /usr/local/pkg/lpc1700-cmsis-lite-2011.01.26-i686-1/lib/libDriversLPC17xxgnu.a(lpc17xx_i2c.o)
 .text.NVIC_DisableIRQ
                0x00003dcc       0x3c /usr/local/pkg/lpc1700-cmsis-lite-2011.01.26-i686-1/lib/libDriversLPC17xxgnu.a(lpc17xx_i2c.o)
 .text.I2C_getNum
                0x00003e08       0x54 /usr/local/pkg/lpc1700-cmsis-lite-2011.01.26-i686-1/lib/libDriversLPC17xxgnu.a(lpc17xx_i2c.o)
 .text.I2C_Start
                0x00003e5c       0x44 /usr/local/pkg/lpc1700-cmsis-lite-2011.01.26-i686-1/lib/libDriversLPC17xxgnu.a(lpc17xx_i2c.o)
 .text.I2C_Stop
                0x00003ea0       0x38 /usr/local/pkg/lpc1700-cmsis-lite-2011.01.26-i686-1/lib/libDriversLPC17xxgnu.a(lpc17xx_i2c.o)
 .text.I2C_SendByte
                0x00003ed8       0x50 /usr/local/pkg/lpc1700-cmsis-lite-2011.01.26-i686-1/lib/libDriversLPC17xxgnu.a(lpc17xx_i2c.o)
 .text.I2C_GetByte
                0x00003f28       0x5c /usr/local/pkg/lpc1700-cmsis-lite-2011.01.26-i686-1/lib/libDriversLPC17xxgnu.a(lpc17xx_i2c.o)
 .text.I2C_SetClock
                0x00003f84       0xc8 /usr/local/pkg/lpc1700-cmsis-lite-2011.01.26-i686-1/lib/libDriversLPC17xxgnu.a(lpc17xx_i2c.o)
 .text.I2C_Init
                0x0000404c       0xd8 /usr/local/pkg/lpc1700-cmsis-lite-2011.01.26-i686-1/lib/libDriversLPC17xxgnu.a(lpc17xx_i2c.o)
                0x0000404c                I2C_Init
 .text.I2C_DeInit
                0x00004124       0xa4 /usr/local/pkg/lpc1700-cmsis-lite-2011.01.26-i686-1/lib/libDriversLPC17xxgnu.a(lpc17xx_i2c.o)
                0x00004124                I2C_DeInit
 .text.I2C_Cmd  0x000041c8       0x84 /usr/local/pkg/lpc1700-cmsis-lite-2011.01.26-i686-1/lib/libDriversLPC17xxgnu.a(lpc17xx_i2c.o)
                0x000041c8                I2C_Cmd
 .text.I2C_IntCmd
                0x0000424c       0xa8 /usr/local/pkg/lpc1700-cmsis-lite-2011.01.26-i686-1/lib/libDriversLPC17xxgnu.a(lpc17xx_i2c.o)
                0x0000424c                I2C_IntCmd
 .text.I2C_MasterHandler
                0x000042f4      0x3d8 /usr/local/pkg/lpc1700-cmsis-lite-2011.01.26-i686-1/lib/libDriversLPC17xxgnu.a(lpc17xx_i2c.o)
                0x000042f4                I2C_MasterHandler
 .text.I2C_SlaveHandler
                0x000046cc      0x1d8 /usr/local/pkg/lpc1700-cmsis-lite-2011.01.26-i686-1/lib/libDriversLPC17xxgnu.a(lpc17xx_i2c.o)
                0x000046cc                I2C_SlaveHandler
 .text.I2C_MasterTransferData
                0x000048a4      0x33c /usr/local/pkg/lpc1700-cmsis-lite-2011.01.26-i686-1/lib/libDriversLPC17xxgnu.a(lpc17xx_i2c.o)
                0x000048a4                I2C_MasterTransferData
 .text.I2C_SlaveTransferData
                0x00004be0      0x268 /usr/local/pkg/lpc1700-cmsis-lite-2011.01.26-i686-1/lib/libDriversLPC17xxgnu.a(lpc17xx_i2c.o)
                0x00004be0                I2C_SlaveTransferData
 .text.I2C_SetOwnSlaveAddr
                0x00004e48      0x118 /usr/local/pkg/lpc1700-cmsis-lite-2011.01.26-i686-1/lib/libDriversLPC17xxgnu.a(lpc17xx_i2c.o)
                0x00004e48                I2C_SetOwnSlaveAddr
 .text.I2C_MonitorModeConfig
                0x00004f60       0x9c /usr/local/pkg/lpc1700-cmsis-lite-2011.01.26-i686-1/lib/libDriversLPC17xxgnu.a(lpc17xx_i2c.o)
                0x00004f60                I2C_MonitorModeConfig
 .text.I2C_MonitorModeCmd
                0x00004ffc       0xb0 /usr/local/pkg/lpc1700-cmsis-lite-2011.01.26-i686-1/lib/libDriversLPC17xxgnu.a(lpc17xx_i2c.o)
                0x00004ffc                I2C_MonitorModeCmd
 .text.I2C_MonitorGetDatabuffer
                0x000050ac       0x54 /usr/local/pkg/lpc1700-cmsis-lite-2011.01.26-i686-1/lib/libDriversLPC17xxgnu.a(lpc17xx_i2c.o)
                0x000050ac                I2C_MonitorGetDatabuffer
 .text.I2C_MonitorHandler
                0x00005100       0x6c /usr/local/pkg/lpc1700-cmsis-lite-2011.01.26-i686-1/lib/libDriversLPC17xxgnu.a(lpc17xx_i2c.o)
                0x00005100                I2C_MonitorHandler
 .text.I2C_MasterTransferComplete
                0x0000516c       0x40 /usr/local/pkg/lpc1700-cmsis-lite-2011.01.26-i686-1/lib/libDriversLPC17xxgnu.a(lpc17xx_i2c.o)
                0x0000516c                I2C_MasterTransferComplete
 .text.I2C_SlaveTransferComplete
                0x000051ac       0x40 /usr/local/pkg/lpc1700-cmsis-lite-2011.01.26-i686-1/lib/libDriversLPC17xxgnu.a(lpc17xx_i2c.o)
                0x000051ac                I2C_SlaveTransferComplete
 .text          0x000051ec        0x0 /usr/local/pkg/lpc1700-cmsis-lite-2011.01.26-i686-1/lib/libDriversLPC17xxgnu.a(lpc17xx_libcfg_default.o)
 .text.check_failed
                0x000051ec        0xc /usr/local/pkg/lpc1700-cmsis-lite-2011.01.26-i686-1/lib/libDriversLPC17xxgnu.a(lpc17xx_libcfg_default.o)
                0x000051ec                check_failed
 .text          0x000051f8        0x0 /usr/local/pkg/lpc1700-cmsis-lite-2011.01.26-i686-1/lib/libDriversLPC17xxgnu.a(lpc17xx_pinsel.o)
 .text.set_PinFunc
                0x000051f8       0xa0 /usr/local/pkg/lpc1700-cmsis-lite-2011.01.26-i686-1/lib/libDriversLPC17xxgnu.a(lpc17xx_pinsel.o)
 .text.set_ResistorMode
                0x00005298       0xa0 /usr/local/pkg/lpc1700-cmsis-lite-2011.01.26-i686-1/lib/libDriversLPC17xxgnu.a(lpc17xx_pinsel.o)
 .text.set_OpenDrainMode
                0x00005338       0x80 /usr/local/pkg/lpc1700-cmsis-lite-2011.01.26-i686-1/lib/libDriversLPC17xxgnu.a(lpc17xx_pinsel.o)
 .text.PINSEL_ConfigTraceFunc
                0x000053b8       0x54 /usr/local/pkg/lpc1700-cmsis-lite-2011.01.26-i686-1/lib/libDriversLPC17xxgnu.a(lpc17xx_pinsel.o)
                0x000053b8                PINSEL_ConfigTraceFunc
 .text.PINSEL_SetI2C0Pins
                0x0000540c       0x3c /usr/local/pkg/lpc1700-cmsis-lite-2011.01.26-i686-1/lib/libDriversLPC17xxgnu.a(lpc17xx_pinsel.o)
                0x0000540c                PINSEL_SetI2C0Pins
 .text.PINSEL_ConfigPin
                0x00005448       0x54 /usr/local/pkg/lpc1700-cmsis-lite-2011.01.26-i686-1/lib/libDriversLPC17xxgnu.a(lpc17xx_pinsel.o)
                0x00005448                PINSEL_ConfigPin
 .text          0x0000549c        0x0 /usr/local/pkg/lpc1700-cmsis-lite-2011.01.26-i686-1/lib/libDriversLPC17xxgnu.a(lpc17xx_systick.o)
 .text.SYSTICK_InternalInit
                0x0000549c       0xb0 /usr/local/pkg/lpc1700-cmsis-lite-2011.01.26-i686-1/lib/libDriversLPC17xxgnu.a(lpc17xx_systick.o)
                0x0000549c                SYSTICK_InternalInit
 .text.SYSTICK_ExternalInit
                0x0000554c       0xc4 /usr/local/pkg/lpc1700-cmsis-lite-2011.01.26-i686-1/lib/libDriversLPC17xxgnu.a(lpc17xx_systick.o)
                0x0000554c                SYSTICK_ExternalInit
 .text.SYSTICK_Cmd
                0x00005610       0x68 /usr/local/pkg/lpc1700-cmsis-lite-2011.01.26-i686-1/lib/libDriversLPC17xxgnu.a(lpc17xx_systick.o)
                0x00005610                SYSTICK_Cmd
 .text.SYSTICK_IntCmd
                0x00005678       0x68 /usr/local/pkg/lpc1700-cmsis-lite-2011.01.26-i686-1/lib/libDriversLPC17xxgnu.a(lpc17xx_systick.o)
                0x00005678                SYSTICK_IntCmd
 .text.SYSTICK_GetCurrentValue
                0x000056e0       0x18 /usr/local/pkg/lpc1700-cmsis-lite-2011.01.26-i686-1/lib/libDriversLPC17xxgnu.a(lpc17xx_systick.o)
                0x000056e0                SYSTICK_GetCurrentValue
 .text.SYSTICK_ClearCounterFlag
                0x000056f8       0x24 /usr/local/pkg/lpc1700-cmsis-lite-2011.01.26-i686-1/lib/libDriversLPC17xxgnu.a(lpc17xx_systick.o)
                0x000056f8                SYSTICK_ClearCounterFlag
 .text          0x0000571c        0x0 /usr/local/pkg/lpc1700-cmsis-lite-2011.01.26-i686-1/lib/libDriversLPC17xxgnu.a(lpc17xx_timer.o)
 .text.getPClock
                0x0000571c       0x60 /usr/local/pkg/lpc1700-cmsis-lite-2011.01.26-i686-1/lib/libDriversLPC17xxgnu.a(lpc17xx_timer.o)
 .text.converUSecToVal
                0x0000577c       0x64 /usr/local/pkg/lpc1700-cmsis-lite-2011.01.26-i686-1/lib/libDriversLPC17xxgnu.a(lpc17xx_timer.o)
 .text.converPtrToTimeNum
                0x000057e0       0x74 /usr/local/pkg/lpc1700-cmsis-lite-2011.01.26-i686-1/lib/libDriversLPC17xxgnu.a(lpc17xx_timer.o)
 .text.TIM_GetIntStatus
                0x00005854       0xbc /usr/local/pkg/lpc1700-cmsis-lite-2011.01.26-i686-1/lib/libDriversLPC17xxgnu.a(lpc17xx_timer.o)
                0x00005854                TIM_GetIntStatus
 .text.TIM_GetIntCaptureStatus
                0x00005910       0xc0 /usr/local/pkg/lpc1700-cmsis-lite-2011.01.26-i686-1/lib/libDriversLPC17xxgnu.a(lpc17xx_timer.o)
                0x00005910                TIM_GetIntCaptureStatus
 .text.TIM_ClearIntPending
                0x000059d0       0xa8 /usr/local/pkg/lpc1700-cmsis-lite-2011.01.26-i686-1/lib/libDriversLPC17xxgnu.a(lpc17xx_timer.o)
                0x000059d0                TIM_ClearIntPending
 .text.TIM_ClearIntCapturePending
                0x00005a78       0xac /usr/local/pkg/lpc1700-cmsis-lite-2011.01.26-i686-1/lib/libDriversLPC17xxgnu.a(lpc17xx_timer.o)
                0x00005a78                TIM_ClearIntCapturePending
 .text.TIM_ConfigStructInit
                0x00005b24       0x40 /usr/local/pkg/lpc1700-cmsis-lite-2011.01.26-i686-1/lib/libDriversLPC17xxgnu.a(lpc17xx_timer.o)
                0x00005b24                TIM_ConfigStructInit
 .text.TIM_Init
                0x00005b64      0x1d8 /usr/local/pkg/lpc1700-cmsis-lite-2011.01.26-i686-1/lib/libDriversLPC17xxgnu.a(lpc17xx_timer.o)
                0x00005b64                TIM_Init
 .text.TIM_DeInit
                0x00005d3c       0xd0 /usr/local/pkg/lpc1700-cmsis-lite-2011.01.26-i686-1/lib/libDriversLPC17xxgnu.a(lpc17xx_timer.o)
                0x00005d3c                TIM_DeInit
 .text.TIM_Cmd  0x00005e0c       0x7c /usr/local/pkg/lpc1700-cmsis-lite-2011.01.26-i686-1/lib/libDriversLPC17xxgnu.a(lpc17xx_timer.o)
                0x00005e0c                TIM_Cmd
 .text.TIM_ResetCounter
                0x00005e88       0x70 /usr/local/pkg/lpc1700-cmsis-lite-2011.01.26-i686-1/lib/libDriversLPC17xxgnu.a(lpc17xx_timer.o)
                0x00005e88                TIM_ResetCounter
 .text.TIM_ConfigMatch
                0x00005ef8      0x1d0 /usr/local/pkg/lpc1700-cmsis-lite-2011.01.26-i686-1/lib/libDriversLPC17xxgnu.a(lpc17xx_timer.o)
                0x00005ef8                TIM_ConfigMatch
 .text.TIM_UpdateMatchValue
                0x000060c8       0xa0 /usr/local/pkg/lpc1700-cmsis-lite-2011.01.26-i686-1/lib/libDriversLPC17xxgnu.a(lpc17xx_timer.o)
                0x000060c8                TIM_UpdateMatchValue
 .text.TIM_ConfigCapture
                0x00006168      0x110 /usr/local/pkg/lpc1700-cmsis-lite-2011.01.26-i686-1/lib/libDriversLPC17xxgnu.a(lpc17xx_timer.o)
                0x00006168                TIM_ConfigCapture
 .text.TIM_GetCaptureValue
                0x00006278       0x8c /usr/local/pkg/lpc1700-cmsis-lite-2011.01.26-i686-1/lib/libDriversLPC17xxgnu.a(lpc17xx_timer.o)
                0x00006278                TIM_GetCaptureValue
 .text          0x00006304        0x0 /usr/local/pkg/lpc1700-cmsis-lite-2011.01.26-i686-1/lib/libDriversLPC17xxgnu.a(lpc17xx_uart.o)
 .text.uart_set_divisors
                0x00006304      0x26c /usr/local/pkg/lpc1700-cmsis-lite-2011.01.26-i686-1/lib/libDriversLPC17xxgnu.a(lpc17xx_uart.o)
 .text.UART_Init
                0x00006570      0x368 /usr/local/pkg/lpc1700-cmsis-lite-2011.01.26-i686-1/lib/libDriversLPC17xxgnu.a(lpc17xx_uart.o)
                0x00006570                UART_Init
 .text.UART_DeInit
                0x000068d8       0xcc /usr/local/pkg/lpc1700-cmsis-lite-2011.01.26-i686-1/lib/libDriversLPC17xxgnu.a(lpc17xx_uart.o)
                0x000068d8                UART_DeInit
 .text.UART_ConfigStructInit
                0x000069a4       0x34 /usr/local/pkg/lpc1700-cmsis-lite-2011.01.26-i686-1/lib/libDriversLPC17xxgnu.a(lpc17xx_uart.o)
                0x000069a4                UART_ConfigStructInit
 .text.UART_SendByte
                0x000069d8       0x78 /usr/local/pkg/lpc1700-cmsis-lite-2011.01.26-i686-1/lib/libDriversLPC17xxgnu.a(lpc17xx_uart.o)
                0x000069d8                UART_SendByte
 .text.UART_ReceiveByte
                0x00006a50       0x78 /usr/local/pkg/lpc1700-cmsis-lite-2011.01.26-i686-1/lib/libDriversLPC17xxgnu.a(lpc17xx_uart.o)
                0x00006a50                UART_ReceiveByte
 .text.UART_Send
                0x00006ac8      0x10c /usr/local/pkg/lpc1700-cmsis-lite-2011.01.26-i686-1/lib/libDriversLPC17xxgnu.a(lpc17xx_uart.o)
                0x00006ac8                UART_Send
 .text.UART_Receive
                0x00006bd4       0xd8 /usr/local/pkg/lpc1700-cmsis-lite-2011.01.26-i686-1/lib/libDriversLPC17xxgnu.a(lpc17xx_uart.o)
                0x00006bd4                UART_Receive
 .text.UART_ForceBreak
                0x00006cac       0x88 /usr/local/pkg/lpc1700-cmsis-lite-2011.01.26-i686-1/lib/libDriversLPC17xxgnu.a(lpc17xx_uart.o)
                0x00006cac                UART_ForceBreak
 .text.UART_IntConfig
                0x00006d34      0x1d0 /usr/local/pkg/lpc1700-cmsis-lite-2011.01.26-i686-1/lib/libDriversLPC17xxgnu.a(lpc17xx_uart.o)
                0x00006d34                UART_IntConfig
 .text.UART_GetLineStatus
                0x00006f04       0x7c /usr/local/pkg/lpc1700-cmsis-lite-2011.01.26-i686-1/lib/libDriversLPC17xxgnu.a(lpc17xx_uart.o)
                0x00006f04                UART_GetLineStatus
 .text.UART_GetIntId
                0x00006f80       0x68 /usr/local/pkg/lpc1700-cmsis-lite-2011.01.26-i686-1/lib/libDriversLPC17xxgnu.a(lpc17xx_uart.o)
                0x00006f80                UART_GetIntId
 .text.UART_CheckBusy
                0x00006fe8       0x2c /usr/local/pkg/lpc1700-cmsis-lite-2011.01.26-i686-1/lib/libDriversLPC17xxgnu.a(lpc17xx_uart.o)
                0x00006fe8                UART_CheckBusy
 .text.UART_FIFOConfig
                0x00007014      0x184 /usr/local/pkg/lpc1700-cmsis-lite-2011.01.26-i686-1/lib/libDriversLPC17xxgnu.a(lpc17xx_uart.o)
                0x00007014                UART_FIFOConfig
 .text.UART_FIFOConfigStructInit
                0x00007198       0x34 /usr/local/pkg/lpc1700-cmsis-lite-2011.01.26-i686-1/lib/libDriversLPC17xxgnu.a(lpc17xx_uart.o)
                0x00007198                UART_FIFOConfigStructInit
 .text.UART_ABCmd
                0x000071cc      0x15c /usr/local/pkg/lpc1700-cmsis-lite-2011.01.26-i686-1/lib/libDriversLPC17xxgnu.a(lpc17xx_uart.o)
                0x000071cc                UART_ABCmd
 .text.UART_ABClearIntPending
                0x00007328       0x88 /usr/local/pkg/lpc1700-cmsis-lite-2011.01.26-i686-1/lib/libDriversLPC17xxgnu.a(lpc17xx_uart.o)
                0x00007328                UART_ABClearIntPending
 .text.UART_TxCmd
                0x000073b0       0xe8 /usr/local/pkg/lpc1700-cmsis-lite-2011.01.26-i686-1/lib/libDriversLPC17xxgnu.a(lpc17xx_uart.o)
                0x000073b0                UART_TxCmd
 .text.UART_IrDAInvtInputCmd
                0x00007498       0x84 /usr/local/pkg/lpc1700-cmsis-lite-2011.01.26-i686-1/lib/libDriversLPC17xxgnu.a(lpc17xx_uart.o)
                0x00007498                UART_IrDAInvtInputCmd
 .text.UART_IrDACmd
                0x0000751c       0x80 /usr/local/pkg/lpc1700-cmsis-lite-2011.01.26-i686-1/lib/libDriversLPC17xxgnu.a(lpc17xx_uart.o)
                0x0000751c                UART_IrDACmd
 .text.UART_IrDAPulseDivConfig
                0x0000759c       0xac /usr/local/pkg/lpc1700-cmsis-lite-2011.01.26-i686-1/lib/libDriversLPC17xxgnu.a(lpc17xx_uart.o)
                0x0000759c                UART_IrDAPulseDivConfig
 .text.UART_FullModemForcePinState
                0x00007648       0xcc /usr/local/pkg/lpc1700-cmsis-lite-2011.01.26-i686-1/lib/libDriversLPC17xxgnu.a(lpc17xx_uart.o)
                0x00007648                UART_FullModemForcePinState
 .text.UART_FullModemConfigMode
                0x00007714       0xd8 /usr/local/pkg/lpc1700-cmsis-lite-2011.01.26-i686-1/lib/libDriversLPC17xxgnu.a(lpc17xx_uart.o)
                0x00007714                UART_FullModemConfigMode
 .text.UART_FullModemGetStatus
                0x000077ec       0x38 /usr/local/pkg/lpc1700-cmsis-lite-2011.01.26-i686-1/lib/libDriversLPC17xxgnu.a(lpc17xx_uart.o)
                0x000077ec                UART_FullModemGetStatus
 .text.UART_RS485Config
                0x00007824      0x1bc /usr/local/pkg/lpc1700-cmsis-lite-2011.01.26-i686-1/lib/libDriversLPC17xxgnu.a(lpc17xx_uart.o)
                0x00007824                UART_RS485Config
 .text.UART_RS485ReceiverCmd
                0x000079e0       0x48 /usr/local/pkg/lpc1700-cmsis-lite-2011.01.26-i686-1/lib/libDriversLPC17xxgnu.a(lpc17xx_uart.o)
                0x000079e0                UART_RS485ReceiverCmd
 .text.UART_RS485Send
                0x00007a28       0x84 /usr/local/pkg/lpc1700-cmsis-lite-2011.01.26-i686-1/lib/libDriversLPC17xxgnu.a(lpc17xx_uart.o)
                0x00007a28                UART_RS485Send
 .text.UART_RS485SendSlvAddr
                0x00007aac       0x28 /usr/local/pkg/lpc1700-cmsis-lite-2011.01.26-i686-1/lib/libDriversLPC17xxgnu.a(lpc17xx_uart.o)
                0x00007aac                UART_RS485SendSlvAddr
 .text.UART_RS485SendData
                0x00007ad4       0x28 /usr/local/pkg/lpc1700-cmsis-lite-2011.01.26-i686-1/lib/libDriversLPC17xxgnu.a(lpc17xx_uart.o)
                0x00007ad4                UART_RS485SendData
 .text          0x00007afc       0xec /usr/local/pkg/sourcery-g++-lite-arm-eabi-2010.09.51-i686-1/bin/../lib/gcc/arm-none-eabi/4.5.1/thumb2/libgcc.a(_arm_cmpsf2.o)
                0x00007afc                __gtsf2
                0x00007afc                __gesf2
                0x00007b04                __lesf2
                0x00007b04                __ltsf2
                0x00007b0c                __nesf2
                0x00007b0c                __eqsf2
                0x00007b0c                __cmpsf2
                0x00007b6c                __aeabi_cfrcmple
                0x00007b74                __aeabi_cfcmple
                0x00007b74                __aeabi_cfcmpeq
                0x00007b84                __aeabi_fcmpeq
                0x00007b98                __aeabi_fcmplt
                0x00007bac                __aeabi_fcmple
                0x00007bc0                __aeabi_fcmpge
                0x00007bd4                __aeabi_fcmpgt
 .text          0x00007be8       0x2c /usr/local/pkg/sourcery-g++-lite-arm-eabi-2010.09.51-i686-1/bin/../lib/gcc/arm-none-eabi/4.5.1/thumb2/libgcc.a(_aeabi_uldivmod.o)
                0x00007be8                __aeabi_uldivmod
 .text          0x00007c14       0x60 /usr/local/pkg/sourcery-g++-lite-arm-eabi-2010.09.51-i686-1/bin/../lib/gcc/arm-none-eabi/4.5.1/thumb2/libgcc.a(bpabi.o)
                0x00007c14                __gnu_ldivmod_helper
                0x00007c44                __gnu_uldivmod_helper
 .text          0x00007c74        0x4 /usr/local/pkg/sourcery-g++-lite-arm-eabi-2010.09.51-i686-1/bin/../lib/gcc/arm-none-eabi/4.5.1/thumb2/libgcc.a(_dvmd_tls.o)
                0x00007c74                __aeabi_ldiv0
                0x00007c74                __aeabi_idiv0
 .text          0x00007c78      0x364 /usr/local/pkg/sourcery-g++-lite-arm-eabi-2010.09.51-i686-1/bin/../lib/gcc/arm-none-eabi/4.5.1/thumb2/libgcc.a(_divdi3.o)
                0x00007c78                __divdi3
 .text          0x00007fdc      0x314 /usr/local/pkg/sourcery-g++-lite-arm-eabi-2010.09.51-i686-1/bin/../lib/gcc/arm-none-eabi/4.5.1/thumb2/libgcc.a(_udivdi3.o)
                0x00007fdc                __udivdi3
 .text          0x000082f0      0x278 /usr/local/pkg/sourcery-g++-lite-arm-eabi-2010.09.51-i686-1/bin/../lib/gcc/arm-none-eabi/4.5.1/thumb2/libgcc.a(_udivsi3.o)
                0x000082f0                __udivsi3
                0x000082f0                __aeabi_uidiv
                0x0000854c                __aeabi_uidivmod
 .text          0x00008568        0x0 /usr/local/pkg/sourcery-g++-lite-arm-eabi-2010.09.51-i686-1/bin/../lib/gcc/arm-none-eabi/4.5.1/thumb2/crtend.o
 .text          0x00008568        0x0 /usr/local/pkg/sourcery-g++-lite-arm-eabi-2010.09.51-i686-1/bin/../lib/gcc/arm-none-eabi/4.5.1/thumb2/crtn.o
 *(.plt)
 *(.gnu.warning)
 *(.glue_7t)
 .glue_7t       0x00000000        0x0 linker stubs
 *(.glue_7)
 .glue_7        0x00000000        0x0 linker stubs
 *(.vfp11_veneer)
 .vfp11_veneer  0x00000000        0x0 linker stubs
 *(.rodata .rodata.* .gnu.linkonce.r.*)
 .rodata        0x00008568       0x28 calibrate.o
 .rodata        0x00008590       0x1c modules.o
 .rodata        0x000085ac        0x8 /usr/local/pkg/lpc1700-cmsis-lite-2011.01.26-i686-1/lib/libDriversLPC17xxgnu.a(debug_frmwrk.o)
 .rodata        0x000085b4       0x10 /usr/local/pkg/lpc1700-cmsis-lite-2011.01.26-i686-1/lib/libDriversLPC17xxgnu.a(lpc17xx_adc.o)
 .rodata        0x000085c4       0x10 /usr/local/pkg/lpc1700-cmsis-lite-2011.01.26-i686-1/lib/libDriversLPC17xxgnu.a(lpc17xx_i2c.o)
 .rodata        0x000085d4       0x14 /usr/local/pkg/lpc1700-cmsis-lite-2011.01.26-i686-1/lib/libDriversLPC17xxgnu.a(lpc17xx_systick.o)
 .rodata        0x000085e8       0x10 /usr/local/pkg/lpc1700-cmsis-lite-2011.01.26-i686-1/lib/libDriversLPC17xxgnu.a(lpc17xx_timer.o)
 .rodata        0x000085f8       0x10 /usr/local/pkg/lpc1700-cmsis-lite-2011.01.26-i686-1/lib/libDriversLPC17xxgnu.a(lpc17xx_uart.o)
 *(.ARM.extab* .gnu.linkonce.armextab.*)
 .ARM.extab.cs3.reset
                0x00008608        0x0 /usr/local/pkg/lpc1700-cmsis-lite-2011.01.26-i686-1/lib/startup_LPC17xx.o
 .ARM.extab     0x00008608        0x0 /usr/local/pkg/sourcery-g++-lite-arm-eabi-2010.09.51-i686-1/bin/../lib/gcc/arm-none-eabi/4.5.1/thumb2/libgcc.a(_divdi3.o)
 .ARM.extab     0x00008608        0x0 /usr/local/pkg/sourcery-g++-lite-arm-eabi-2010.09.51-i686-1/bin/../lib/gcc/arm-none-eabi/4.5.1/thumb2/libgcc.a(_udivdi3.o)
 *(.gcc_except_table)
 *(.eh_frame_hdr)
 *(.eh_frame)
                0x00008608                . = ALIGN (0x4)
 *(.init)
 .init          0x00008608        0x4 /usr/local/pkg/sourcery-g++-lite-arm-eabi-2010.09.51-i686-1/bin/../lib/gcc/arm-none-eabi/4.5.1/thumb2/crti.o
                0x00008608                _init
 .init          0x0000860c        0x8 /usr/local/pkg/sourcery-g++-lite-arm-eabi-2010.09.51-i686-1/bin/../lib/gcc/arm-none-eabi/4.5.1/thumb2/crtn.o
                0x00008614                . = ALIGN (0x4)
                0x00008614                __preinit_array_start = .
 *(.preinit_array)
                0x00008614                __preinit_array_end = .
                0x00008614                . = ALIGN (0x4)
                0x00008614                __init_array_start = .
 *(SORT(.init_array.*))
 *(.init_array)
 .init_array    0x00008614        0x4 /usr/local/pkg/sourcery-g++-lite-arm-eabi-2010.09.51-i686-1/bin/../lib/gcc/arm-none-eabi/4.5.1/thumb2/crtbegin.o
                0x00008618                __init_array_end = .
                0x00008618                . = ALIGN (0x4)
 *crtbegin.o(.ctors)
 *(EXCLUDE_FILE(*crtend.o) .ctors)
 *(SORT(.ctors.*))
 *crtend.o(.ctors)
                0x00008618                . = ALIGN (0x4)
 *(.fini)
 .fini          0x00008618        0x4 /usr/local/pkg/sourcery-g++-lite-arm-eabi-2010.09.51-i686-1/bin/../lib/gcc/arm-none-eabi/4.5.1/thumb2/crti.o
                0x00008618                _fini
 .fini          0x0000861c        0x8 /usr/local/pkg/sourcery-g++-lite-arm-eabi-2010.09.51-i686-1/bin/../lib/gcc/arm-none-eabi/4.5.1/thumb2/crtn.o
                0x00008624                . = ALIGN (0x4)
                0x00008624                __fini_array_start = .
 *(.fini_array)
 .fini_array    0x00008624        0x4 /usr/local/pkg/sourcery-g++-lite-arm-eabi-2010.09.51-i686-1/bin/../lib/gcc/arm-none-eabi/4.5.1/thumb2/crtbegin.o
 *(SORT(.fini_array.*))
                0x00008628                __fini_array_end = .
 *crtbegin.o(.dtors)
 *(EXCLUDE_FILE(*crtend.o) .dtors)
 *(SORT(.dtors.*))
 *crtend.o(.dtors)
                0x00008628                . = ALIGN (0x4)
                0x00008628                __cs3_regions = .
                0x00008628        0x4 LONG 0x0
                0x0000862c        0x4 LONG 0x8648 __cs3_region_init_ram
                0x00008630        0x4 LONG 0x10000000 __cs3_region_start_ram
                0x00008634        0x4 LONG 0x10 __cs3_region_init_size_ram
                0x00008638        0x4 LONG 0x78 __cs3_region_zero_size_ram
                0x0000863c                __exidx_start = .

.v4_bx          0x0000863c        0x0
 .v4_bx         0x00000000        0x0 linker stubs

.ARM.exidx      0x0000863c        0x8
 *(.ARM.exidx* .gnu.linkonce.armexidx.*)
 .ARM.exidx.cs3.reset
                0x0000863c        0x8 /usr/local/pkg/lpc1700-cmsis-lite-2011.01.26-i686-1/lib/startup_LPC17xx.o
 .ARM.exidx     0x00008644        0x0 /usr/local/pkg/sourcery-g++-lite-arm-eabi-2010.09.51-i686-1/bin/../lib/gcc/arm-none-eabi/4.5.1/thumb2/libgcc.a(_divdi3.o)
                                  0x8 (size before relaxing)
 .ARM.exidx     0x00008644        0x0 /usr/local/pkg/sourcery-g++-lite-arm-eabi-2010.09.51-i686-1/bin/../lib/gcc/arm-none-eabi/4.5.1/thumb2/libgcc.a(_udivdi3.o)
                                  0x8 (size before relaxing)
                0x00008644                __exidx_end = .

.text.align     0x00008644        0x4
                0x00008648                . = ALIGN (0x8)
 *fill*         0x00008644        0x4 00
                0x00008648                _etext = .
                0x00080000                __cs3_region_size_rom = 0x80000
                0x00000001                __cs3_region_num = 0x1

.data           0x10000000       0x10 load address 0x00008648
                0x10000000                __cs3_region_start_ram = .
 *(.cs3.region-head.ram)
 *(.jcr)
 .jcr           0x10000000        0x0 /usr/local/pkg/sourcery-g++-lite-arm-eabi-2010.09.51-i686-1/bin/../lib/gcc/arm-none-eabi/4.5.1/thumb2/crtbegin.o
 .jcr           0x10000000        0x4 /usr/local/pkg/sourcery-g++-lite-arm-eabi-2010.09.51-i686-1/bin/../lib/gcc/arm-none-eabi/4.5.1/thumb2/crtend.o
 *(.got.plt)
 *(.got)
 *(.shdata)
 *(.data .data.* .gnu.linkonce.d.*)
 .data          0x10000004        0x0 /usr/local/pkg/sourcery-g++-lite-arm-eabi-2010.09.51-i686-1/bin/../lib/gcc/arm-none-eabi/4.5.1/thumb2/crti.o
 .data          0x10000004        0x4 /usr/local/pkg/sourcery-g++-lite-arm-eabi-2010.09.51-i686-1/bin/../lib/gcc/arm-none-eabi/4.5.1/thumb2/crtbegin.o
                0x10000004                __dso_handle
 .data          0x10000008        0x0 calibrate.o
 .data          0x10000008        0x0 modules.o
 .data          0x10000008        0x0 m3pi.o
 .data          0x10000008        0x0 /usr/local/pkg/lpc1700-cmsis-lite-2011.01.26-i686-1/lib/core_cm3.o
 .data          0x10000008        0x0 /usr/local/pkg/lpc1700-cmsis-lite-2011.01.26-i686-1/lib/system_LPC17xx.o
 .data.SystemCoreClock
                0x10000008        0x4 /usr/local/pkg/lpc1700-cmsis-lite-2011.01.26-i686-1/lib/system_LPC17xx.o
                0x10000008                SystemCoreClock
 .data          0x1000000c        0x0 /usr/local/pkg/lpc1700-cmsis-lite-2011.01.26-i686-1/lib/startup_LPC17xx.o
 .data          0x1000000c        0x0 /usr/local/pkg/sourcery-g++-lite-arm-eabi-2010.09.51-i686-1/arm-none-eabi/lib/thumb2/libc.a(lib_a-abs.o)
 .data          0x1000000c        0x0 /usr/local/pkg/sourcery-g++-lite-arm-eabi-2010.09.51-i686-1/bin/../lib/gcc/arm-none-eabi/4.5.1/thumb2/libgcc.a(_arm_addsubdf3.o)
 .data          0x1000000c        0x0 /usr/local/pkg/sourcery-g++-lite-arm-eabi-2010.09.51-i686-1/bin/../lib/gcc/arm-none-eabi/4.5.1/thumb2/libgcc.a(_arm_muldivdf3.o)
 .data          0x1000000c        0x0 /usr/local/pkg/sourcery-g++-lite-arm-eabi-2010.09.51-i686-1/bin/../lib/gcc/arm-none-eabi/4.5.1/thumb2/libgcc.a(_arm_truncdfsf2.o)
 .data          0x1000000c        0x0 /usr/local/pkg/sourcery-g++-lite-arm-eabi-2010.09.51-i686-1/bin/../lib/gcc/arm-none-eabi/4.5.1/thumb2/libgcc.a(_arm_addsubsf3.o)
 .data          0x1000000c        0x0 /usr/local/pkg/sourcery-g++-lite-arm-eabi-2010.09.51-i686-1/arm-none-eabi/lib/thumb2/libcs3.a(start_c.o)
 .data          0x1000000c        0x0 /usr/local/pkg/sourcery-g++-lite-arm-eabi-2010.09.51-i686-1/arm-none-eabi/lib/thumb2/libcs3unhosted.a(unhosted-start.o)
 .data          0x1000000c        0x0 /usr/local/pkg/sourcery-g++-lite-arm-eabi-2010.09.51-i686-1/arm-none-eabi/lib/thumb2/libc.a(lib_a-init.o)
 .data          0x1000000c        0x0 /usr/local/pkg/lpc1700-cmsis-lite-2011.01.26-i686-1/lib/libDriversLPC17xxgnu.a(debug_frmwrk.o)
 .data          0x1000000c        0x0 /usr/local/pkg/lpc1700-cmsis-lite-2011.01.26-i686-1/lib/libDriversLPC17xxgnu.a(lpc17xx_adc.o)
 .data          0x1000000c        0x0 /usr/local/pkg/lpc1700-cmsis-lite-2011.01.26-i686-1/lib/libDriversLPC17xxgnu.a(lpc17xx_clkpwr.o)
 .data          0x1000000c        0x0 /usr/local/pkg/lpc1700-cmsis-lite-2011.01.26-i686-1/lib/libDriversLPC17xxgnu.a(lpc17xx_gpio.o)
 .data          0x1000000c        0x0 /usr/local/pkg/lpc1700-cmsis-lite-2011.01.26-i686-1/lib/libDriversLPC17xxgnu.a(lpc17xx_i2c.o)
 .data          0x1000000c        0x0 /usr/local/pkg/lpc1700-cmsis-lite-2011.01.26-i686-1/lib/libDriversLPC17xxgnu.a(lpc17xx_libcfg_default.o)
 .data          0x1000000c        0x0 /usr/local/pkg/lpc1700-cmsis-lite-2011.01.26-i686-1/lib/libDriversLPC17xxgnu.a(lpc17xx_pinsel.o)
 .data          0x1000000c        0x0 /usr/local/pkg/lpc1700-cmsis-lite-2011.01.26-i686-1/lib/libDriversLPC17xxgnu.a(lpc17xx_systick.o)
 .data          0x1000000c        0x0 /usr/local/pkg/lpc1700-cmsis-lite-2011.01.26-i686-1/lib/libDriversLPC17xxgnu.a(lpc17xx_timer.o)
 .data          0x1000000c        0x0 /usr/local/pkg/lpc1700-cmsis-lite-2011.01.26-i686-1/lib/libDriversLPC17xxgnu.a(lpc17xx_uart.o)
 .data          0x1000000c        0x0 /usr/local/pkg/sourcery-g++-lite-arm-eabi-2010.09.51-i686-1/bin/../lib/gcc/arm-none-eabi/4.5.1/thumb2/libgcc.a(_arm_cmpsf2.o)
 .data          0x1000000c        0x0 /usr/local/pkg/sourcery-g++-lite-arm-eabi-2010.09.51-i686-1/bin/../lib/gcc/arm-none-eabi/4.5.1/thumb2/libgcc.a(_aeabi_uldivmod.o)
 .data          0x1000000c        0x0 /usr/local/pkg/sourcery-g++-lite-arm-eabi-2010.09.51-i686-1/bin/../lib/gcc/arm-none-eabi/4.5.1/thumb2/libgcc.a(bpabi.o)
 .data          0x1000000c        0x0 /usr/local/pkg/sourcery-g++-lite-arm-eabi-2010.09.51-i686-1/bin/../lib/gcc/arm-none-eabi/4.5.1/thumb2/libgcc.a(_dvmd_tls.o)
 .data          0x1000000c        0x0 /usr/local/pkg/sourcery-g++-lite-arm-eabi-2010.09.51-i686-1/bin/../lib/gcc/arm-none-eabi/4.5.1/thumb2/libgcc.a(_divdi3.o)
 .data          0x1000000c        0x0 /usr/local/pkg/sourcery-g++-lite-arm-eabi-2010.09.51-i686-1/bin/../lib/gcc/arm-none-eabi/4.5.1/thumb2/libgcc.a(_udivdi3.o)
 .data          0x1000000c        0x0 /usr/local/pkg/sourcery-g++-lite-arm-eabi-2010.09.51-i686-1/bin/../lib/gcc/arm-none-eabi/4.5.1/thumb2/libgcc.a(_udivsi3.o)
 .data          0x1000000c        0x0 /usr/local/pkg/sourcery-g++-lite-arm-eabi-2010.09.51-i686-1/bin/../lib/gcc/arm-none-eabi/4.5.1/thumb2/crtend.o
 .data          0x1000000c        0x0 /usr/local/pkg/sourcery-g++-lite-arm-eabi-2010.09.51-i686-1/bin/../lib/gcc/arm-none-eabi/4.5.1/thumb2/crtn.o
 *(.ram)
                0x10000010                . = ALIGN (0x8)
 *fill*         0x1000000c        0x4 00
                0x10000010                _edata = .

.bss            0x10000010       0x78 load address 0x00008658
 *(.shbss)
 *(.bss .bss.* .gnu.linkonce.b.*)
 .bss           0x10000010        0x0 /usr/local/pkg/sourcery-g++-lite-arm-eabi-2010.09.51-i686-1/bin/../lib/gcc/arm-none-eabi/4.5.1/thumb2/crti.o
 .bss           0x10000010        0x1 /usr/local/pkg/sourcery-g++-lite-arm-eabi-2010.09.51-i686-1/bin/../lib/gcc/arm-none-eabi/4.5.1/thumb2/crtbegin.o
 .bss           0x10000011        0x0 calibrate.o
 .bss.count     0x10000011        0x1 calibrate.o
                0x10000011                count
 .bss           0x10000012        0x0 modules.o
 .bss           0x10000012        0x0 m3pi.o
 .bss           0x10000012        0x0 /usr/local/pkg/lpc1700-cmsis-lite-2011.01.26-i686-1/lib/core_cm3.o
 .bss           0x10000012        0x0 /usr/local/pkg/lpc1700-cmsis-lite-2011.01.26-i686-1/lib/system_LPC17xx.o
 .bss           0x10000012        0x0 /usr/local/pkg/lpc1700-cmsis-lite-2011.01.26-i686-1/lib/startup_LPC17xx.o
 .bss           0x10000012        0x0 /usr/local/pkg/sourcery-g++-lite-arm-eabi-2010.09.51-i686-1/arm-none-eabi/lib/thumb2/libc.a(lib_a-abs.o)
 .bss           0x10000012        0x0 /usr/local/pkg/sourcery-g++-lite-arm-eabi-2010.09.51-i686-1/bin/../lib/gcc/arm-none-eabi/4.5.1/thumb2/libgcc.a(_arm_addsubdf3.o)
 .bss           0x10000012        0x0 /usr/local/pkg/sourcery-g++-lite-arm-eabi-2010.09.51-i686-1/bin/../lib/gcc/arm-none-eabi/4.5.1/thumb2/libgcc.a(_arm_muldivdf3.o)
 .bss           0x10000012        0x0 /usr/local/pkg/sourcery-g++-lite-arm-eabi-2010.09.51-i686-1/bin/../lib/gcc/arm-none-eabi/4.5.1/thumb2/libgcc.a(_arm_truncdfsf2.o)
 .bss           0x10000012        0x0 /usr/local/pkg/sourcery-g++-lite-arm-eabi-2010.09.51-i686-1/bin/../lib/gcc/arm-none-eabi/4.5.1/thumb2/libgcc.a(_arm_addsubsf3.o)
 .bss           0x10000012        0x0 /usr/local/pkg/sourcery-g++-lite-arm-eabi-2010.09.51-i686-1/arm-none-eabi/lib/thumb2/libcs3.a(start_c.o)
 .bss           0x10000012        0x0 /usr/local/pkg/sourcery-g++-lite-arm-eabi-2010.09.51-i686-1/arm-none-eabi/lib/thumb2/libcs3unhosted.a(unhosted-start.o)
 .bss           0x10000012        0x0 /usr/local/pkg/sourcery-g++-lite-arm-eabi-2010.09.51-i686-1/arm-none-eabi/lib/thumb2/libc.a(lib_a-init.o)
 .bss           0x10000012        0x0 /usr/local/pkg/lpc1700-cmsis-lite-2011.01.26-i686-1/lib/libDriversLPC17xxgnu.a(debug_frmwrk.o)
 .bss           0x10000012        0x0 /usr/local/pkg/lpc1700-cmsis-lite-2011.01.26-i686-1/lib/libDriversLPC17xxgnu.a(lpc17xx_adc.o)
 .bss           0x10000012        0x0 /usr/local/pkg/lpc1700-cmsis-lite-2011.01.26-i686-1/lib/libDriversLPC17xxgnu.a(lpc17xx_clkpwr.o)
 .bss           0x10000012        0x0 /usr/local/pkg/lpc1700-cmsis-lite-2011.01.26-i686-1/lib/libDriversLPC17xxgnu.a(lpc17xx_gpio.o)
 .bss           0x10000012        0x0 /usr/local/pkg/lpc1700-cmsis-lite-2011.01.26-i686-1/lib/libDriversLPC17xxgnu.a(lpc17xx_i2c.o)
 *fill*         0x10000012        0x2 00
 .bss.i2cdat    0x10000014       0x18 /usr/local/pkg/lpc1700-cmsis-lite-2011.01.26-i686-1/lib/libDriversLPC17xxgnu.a(lpc17xx_i2c.o)
 .bss.I2C_MasterComplete
                0x1000002c        0xc /usr/local/pkg/lpc1700-cmsis-lite-2011.01.26-i686-1/lib/libDriversLPC17xxgnu.a(lpc17xx_i2c.o)
 .bss.I2C_SlaveComplete
                0x10000038        0xc /usr/local/pkg/lpc1700-cmsis-lite-2011.01.26-i686-1/lib/libDriversLPC17xxgnu.a(lpc17xx_i2c.o)
 .bss.I2C_MonitorBufferIndex
                0x10000044        0x4 /usr/local/pkg/lpc1700-cmsis-lite-2011.01.26-i686-1/lib/libDriversLPC17xxgnu.a(lpc17xx_i2c.o)
 .bss           0x10000048        0x0 /usr/local/pkg/lpc1700-cmsis-lite-2011.01.26-i686-1/lib/libDriversLPC17xxgnu.a(lpc17xx_libcfg_default.o)
 .bss           0x10000048        0x0 /usr/local/pkg/lpc1700-cmsis-lite-2011.01.26-i686-1/lib/libDriversLPC17xxgnu.a(lpc17xx_pinsel.o)
 .bss           0x10000048        0x0 /usr/local/pkg/lpc1700-cmsis-lite-2011.01.26-i686-1/lib/libDriversLPC17xxgnu.a(lpc17xx_systick.o)
 .bss           0x10000048        0x0 /usr/local/pkg/lpc1700-cmsis-lite-2011.01.26-i686-1/lib/libDriversLPC17xxgnu.a(lpc17xx_timer.o)
 .bss           0x10000048        0x0 /usr/local/pkg/lpc1700-cmsis-lite-2011.01.26-i686-1/lib/libDriversLPC17xxgnu.a(lpc17xx_uart.o)
 .bss           0x10000048        0x0 /usr/local/pkg/sourcery-g++-lite-arm-eabi-2010.09.51-i686-1/bin/../lib/gcc/arm-none-eabi/4.5.1/thumb2/libgcc.a(_arm_cmpsf2.o)
 .bss           0x10000048        0x0 /usr/local/pkg/sourcery-g++-lite-arm-eabi-2010.09.51-i686-1/bin/../lib/gcc/arm-none-eabi/4.5.1/thumb2/libgcc.a(_aeabi_uldivmod.o)
 .bss           0x10000048        0x0 /usr/local/pkg/sourcery-g++-lite-arm-eabi-2010.09.51-i686-1/bin/../lib/gcc/arm-none-eabi/4.5.1/thumb2/libgcc.a(bpabi.o)
 .bss           0x10000048        0x0 /usr/local/pkg/sourcery-g++-lite-arm-eabi-2010.09.51-i686-1/bin/../lib/gcc/arm-none-eabi/4.5.1/thumb2/libgcc.a(_dvmd_tls.o)
 .bss           0x10000048        0x0 /usr/local/pkg/sourcery-g++-lite-arm-eabi-2010.09.51-i686-1/bin/../lib/gcc/arm-none-eabi/4.5.1/thumb2/libgcc.a(_divdi3.o)
 .bss           0x10000048        0x0 /usr/local/pkg/sourcery-g++-lite-arm-eabi-2010.09.51-i686-1/bin/../lib/gcc/arm-none-eabi/4.5.1/thumb2/libgcc.a(_udivdi3.o)
 .bss           0x10000048        0x0 /usr/local/pkg/sourcery-g++-lite-arm-eabi-2010.09.51-i686-1/bin/../lib/gcc/arm-none-eabi/4.5.1/thumb2/libgcc.a(_udivsi3.o)
 .bss           0x10000048        0x0 /usr/local/pkg/sourcery-g++-lite-arm-eabi-2010.09.51-i686-1/bin/../lib/gcc/arm-none-eabi/4.5.1/thumb2/crtend.o
 .bss           0x10000048        0x0 /usr/local/pkg/sourcery-g++-lite-arm-eabi-2010.09.51-i686-1/bin/../lib/gcc/arm-none-eabi/4.5.1/thumb2/crtn.o
 *(COMMON)
 COMMON         0x10000048       0x15 calibrate.o
                0x10000048                sensor_lut
                0x10000058                outputPOS
 *fill*         0x1000005d        0x3 00
 COMMON         0x10000060       0x28 /usr/local/pkg/lpc1700-cmsis-lite-2011.01.26-i686-1/lib/libDriversLPC17xxgnu.a(debug_frmwrk.o)
                0x10000060                _db_dec
                0x10000064                _db_dec_32
                0x10000068                _db_hex_32
                0x1000006c                _db_dec_16
                0x10000070                _db_msg
                0x10000074                _db_get_char
                0x10000078                _db_msg_
                0x1000007c                _db_char
                0x10000080                _db_hex
                0x10000084                _db_hex_16
 *(.ram.b)
                0x10000088                . = ALIGN (0x8)
                0x10000088                _end = .
                0x10000088                __end = .

.usb_ram
 *.o(USB_RAM)

.heap           0x10000088     0x1000
 *(.heap)
 .heap          0x10000088     0x1000 /usr/local/pkg/lpc1700-cmsis-lite-2011.01.26-i686-1/lib/startup_LPC17xx.o
                0x10000088                __cs3_heap_start
                0x10001088                __cs3_heap_end

.stack          0x10007f00      0x100
 *(.stack)
 .stack         0x10007f00      0x100 /usr/local/pkg/lpc1700-cmsis-lite-2011.01.26-i686-1/lib/startup_LPC17xx.o
                0x10007f00                __cs3_stack_mem
                0x10008000                _estack = .
                0x10008000                PROVIDE (estack, .)
                0x00008648                __cs3_region_init_ram = LOADADDR (.data)
                0x00000010                __cs3_region_init_size_ram = (_edata - __cs3_region_start_ram)
                0x00000078                __cs3_region_zero_size_ram = (_end - _edata)
                0x00008000                __cs3_region_size_ram = 0x8000
                0x00000001                __cs3_region_num = 0x1

.stab
 *(.stab)

.stabstr
 *(.stabstr)

.debug
 *(.debug)

.line
 *(.line)

.debug_srcinfo
 *(.debug_srcinfo)

.debug_sfnames
 *(.debug_sfnames)

.comment        0x00000000       0x2a
 .comment       0x00000000       0x2a calibrate.o
                                 0x2b (size before relaxing)
 .comment       0x00000000       0x2b modules.o
 .comment       0x00000000       0x2b m3pi.o
 .comment       0x00000000       0x2b /usr/local/pkg/lpc1700-cmsis-lite-2011.01.26-i686-1/lib/core_cm3.o
 .comment       0x00000000       0x2b /usr/local/pkg/lpc1700-cmsis-lite-2011.01.26-i686-1/lib/system_LPC17xx.o
 .comment       0x00000000       0x2b /usr/local/pkg/lpc1700-cmsis-lite-2011.01.26-i686-1/lib/libDriversLPC17xxgnu.a(debug_frmwrk.o)
 .comment       0x00000000       0x2b /usr/local/pkg/lpc1700-cmsis-lite-2011.01.26-i686-1/lib/libDriversLPC17xxgnu.a(lpc17xx_adc.o)
 .comment       0x00000000       0x2b /usr/local/pkg/lpc1700-cmsis-lite-2011.01.26-i686-1/lib/libDriversLPC17xxgnu.a(lpc17xx_clkpwr.o)
 .comment       0x00000000       0x2b /usr/local/pkg/lpc1700-cmsis-lite-2011.01.26-i686-1/lib/libDriversLPC17xxgnu.a(lpc17xx_gpio.o)
 .comment       0x00000000       0x2b /usr/local/pkg/lpc1700-cmsis-lite-2011.01.26-i686-1/lib/libDriversLPC17xxgnu.a(lpc17xx_i2c.o)
 .comment       0x00000000       0x2b /usr/local/pkg/lpc1700-cmsis-lite-2011.01.26-i686-1/lib/libDriversLPC17xxgnu.a(lpc17xx_libcfg_default.o)
 .comment       0x00000000       0x2b /usr/local/pkg/lpc1700-cmsis-lite-2011.01.26-i686-1/lib/libDriversLPC17xxgnu.a(lpc17xx_pinsel.o)
 .comment       0x00000000       0x2b /usr/local/pkg/lpc1700-cmsis-lite-2011.01.26-i686-1/lib/libDriversLPC17xxgnu.a(lpc17xx_systick.o)
 .comment       0x00000000       0x2b /usr/local/pkg/lpc1700-cmsis-lite-2011.01.26-i686-1/lib/libDriversLPC17xxgnu.a(lpc17xx_timer.o)
 .comment       0x00000000       0x2b /usr/local/pkg/lpc1700-cmsis-lite-2011.01.26-i686-1/lib/libDriversLPC17xxgnu.a(lpc17xx_uart.o)

.debug_aranges  0x00000000      0x768
 *(.debug_aranges)
 .debug_aranges
                0x00000000       0x48 calibrate.o
 .debug_aranges
                0x00000048       0xa8 modules.o
 .debug_aranges
                0x000000f0       0xd0 m3pi.o
 .debug_aranges
                0x000001c0       0x28 /usr/local/pkg/lpc1700-cmsis-lite-2011.01.26-i686-1/lib/system_LPC17xx.o
 .debug_aranges
                0x000001e8       0x28 /usr/local/pkg/lpc1700-cmsis-lite-2011.01.26-i686-1/lib/startup_LPC17xx.o
 .debug_aranges
                0x00000210       0x70 /usr/local/pkg/lpc1700-cmsis-lite-2011.01.26-i686-1/lib/libDriversLPC17xxgnu.a(debug_frmwrk.o)
 .debug_aranges
                0x00000280       0x80 /usr/local/pkg/lpc1700-cmsis-lite-2011.01.26-i686-1/lib/libDriversLPC17xxgnu.a(lpc17xx_adc.o)
 .debug_aranges
                0x00000300       0x58 /usr/local/pkg/lpc1700-cmsis-lite-2011.01.26-i686-1/lib/libDriversLPC17xxgnu.a(lpc17xx_clkpwr.o)
 .debug_aranges
                0x00000358       0xf8 /usr/local/pkg/lpc1700-cmsis-lite-2011.01.26-i686-1/lib/libDriversLPC17xxgnu.a(lpc17xx_gpio.o)
 .debug_aranges
                0x00000450       0xd0 /usr/local/pkg/lpc1700-cmsis-lite-2011.01.26-i686-1/lib/libDriversLPC17xxgnu.a(lpc17xx_i2c.o)
 .debug_aranges
                0x00000520       0x20 /usr/local/pkg/lpc1700-cmsis-lite-2011.01.26-i686-1/lib/libDriversLPC17xxgnu.a(lpc17xx_libcfg_default.o)
 .debug_aranges
                0x00000540       0x48 /usr/local/pkg/lpc1700-cmsis-lite-2011.01.26-i686-1/lib/libDriversLPC17xxgnu.a(lpc17xx_pinsel.o)
 .debug_aranges
                0x00000588       0x48 /usr/local/pkg/lpc1700-cmsis-lite-2011.01.26-i686-1/lib/libDriversLPC17xxgnu.a(lpc17xx_systick.o)
 .debug_aranges
                0x000005d0       0x98 /usr/local/pkg/lpc1700-cmsis-lite-2011.01.26-i686-1/lib/libDriversLPC17xxgnu.a(lpc17xx_timer.o)
 .debug_aranges
                0x00000668      0x100 /usr/local/pkg/lpc1700-cmsis-lite-2011.01.26-i686-1/lib/libDriversLPC17xxgnu.a(lpc17xx_uart.o)

.debug_pubnames
                0x00000000      0xe64
 *(.debug_pubnames)
 .debug_pubnames
                0x00000000       0x9b calibrate.o
 .debug_pubnames
                0x0000009b       0xf0 modules.o
 .debug_pubnames
                0x0000018b      0x151 m3pi.o
 .debug_pubnames
                0x000002dc       0x4f /usr/local/pkg/lpc1700-cmsis-lite-2011.01.26-i686-1/lib/system_LPC17xx.o
 .debug_pubnames
                0x0000032b      0x150 /usr/local/pkg/lpc1700-cmsis-lite-2011.01.26-i686-1/lib/libDriversLPC17xxgnu.a(debug_frmwrk.o)
 .debug_pubnames
                0x0000047b      0x110 /usr/local/pkg/lpc1700-cmsis-lite-2011.01.26-i686-1/lib/libDriversLPC17xxgnu.a(lpc17xx_adc.o)
 .debug_pubnames
                0x0000058b       0xbb /usr/local/pkg/lpc1700-cmsis-lite-2011.01.26-i686-1/lib/libDriversLPC17xxgnu.a(lpc17xx_clkpwr.o)
 .debug_pubnames
                0x00000646      0x203 /usr/local/pkg/lpc1700-cmsis-lite-2011.01.26-i686-1/lib/libDriversLPC17xxgnu.a(lpc17xx_gpio.o)
 .debug_pubnames
                0x00000849      0x163 /usr/local/pkg/lpc1700-cmsis-lite-2011.01.26-i686-1/lib/libDriversLPC17xxgnu.a(lpc17xx_i2c.o)
 .debug_pubnames
                0x000009ac       0x23 /usr/local/pkg/lpc1700-cmsis-lite-2011.01.26-i686-1/lib/libDriversLPC17xxgnu.a(lpc17xx_libcfg_default.o)
 .debug_pubnames
                0x000009cf       0x59 /usr/local/pkg/lpc1700-cmsis-lite-2011.01.26-i686-1/lib/libDriversLPC17xxgnu.a(lpc17xx_pinsel.o)
 .debug_pubnames
                0x00000a28       0xa0 /usr/local/pkg/lpc1700-cmsis-lite-2011.01.26-i686-1/lib/libDriversLPC17xxgnu.a(lpc17xx_systick.o)
 .debug_pubnames
                0x00000ac8      0x12b /usr/local/pkg/lpc1700-cmsis-lite-2011.01.26-i686-1/lib/libDriversLPC17xxgnu.a(lpc17xx_timer.o)
 .debug_pubnames
                0x00000bf3      0x271 /usr/local/pkg/lpc1700-cmsis-lite-2011.01.26-i686-1/lib/libDriversLPC17xxgnu.a(lpc17xx_uart.o)

.debug_info     0x00000000     0x78c8
 *(.debug_info .gnu.linkonce.wi.*)
 .debug_info    0x00000000      0x5fd calibrate.o
 .debug_info    0x000005fd     0x1407 modules.o
 .debug_info    0x00001a04      0x4fc m3pi.o
 .debug_info    0x00001f00       0x68 /usr/local/pkg/lpc1700-cmsis-lite-2011.01.26-i686-1/lib/core_cm3.o
 .debug_info    0x00001f68      0x509 /usr/local/pkg/lpc1700-cmsis-lite-2011.01.26-i686-1/lib/system_LPC17xx.o
 .debug_info    0x00002471       0xc1 /usr/local/pkg/lpc1700-cmsis-lite-2011.01.26-i686-1/lib/startup_LPC17xx.o
 .debug_info    0x00002532      0x935 /usr/local/pkg/lpc1700-cmsis-lite-2011.01.26-i686-1/lib/libDriversLPC17xxgnu.a(debug_frmwrk.o)
 .debug_info    0x00002e67      0x613 /usr/local/pkg/lpc1700-cmsis-lite-2011.01.26-i686-1/lib/libDriversLPC17xxgnu.a(lpc17xx_adc.o)
 .debug_info    0x0000347a      0x6c5 /usr/local/pkg/lpc1700-cmsis-lite-2011.01.26-i686-1/lib/libDriversLPC17xxgnu.a(lpc17xx_clkpwr.o)
 .debug_info    0x00003b3f      0xe29 /usr/local/pkg/lpc1700-cmsis-lite-2011.01.26-i686-1/lib/libDriversLPC17xxgnu.a(lpc17xx_gpio.o)
 .debug_info    0x00004968      0xdac /usr/local/pkg/lpc1700-cmsis-lite-2011.01.26-i686-1/lib/libDriversLPC17xxgnu.a(lpc17xx_i2c.o)
 .debug_info    0x00005714       0xc9 /usr/local/pkg/lpc1700-cmsis-lite-2011.01.26-i686-1/lib/libDriversLPC17xxgnu.a(lpc17xx_libcfg_default.o)
 .debug_info    0x000057dd      0x4b5 /usr/local/pkg/lpc1700-cmsis-lite-2011.01.26-i686-1/lib/libDriversLPC17xxgnu.a(lpc17xx_pinsel.o)
 .debug_info    0x00005c92      0x25c /usr/local/pkg/lpc1700-cmsis-lite-2011.01.26-i686-1/lib/libDriversLPC17xxgnu.a(lpc17xx_systick.o)
 .debug_info    0x00005eee      0x88d /usr/local/pkg/lpc1700-cmsis-lite-2011.01.26-i686-1/lib/libDriversLPC17xxgnu.a(lpc17xx_timer.o)
 .debug_info    0x0000677b     0x114d /usr/local/pkg/lpc1700-cmsis-lite-2011.01.26-i686-1/lib/libDriversLPC17xxgnu.a(lpc17xx_uart.o)

.debug_abbrev   0x00000000     0x153f
 *(.debug_abbrev)
 .debug_abbrev  0x00000000      0x1bb calibrate.o
 .debug_abbrev  0x000001bb      0x282 modules.o
 .debug_abbrev  0x0000043d      0x130 m3pi.o
 .debug_abbrev  0x0000056d       0x28 /usr/local/pkg/lpc1700-cmsis-lite-2011.01.26-i686-1/lib/core_cm3.o
 .debug_abbrev  0x00000595      0x102 /usr/local/pkg/lpc1700-cmsis-lite-2011.01.26-i686-1/lib/system_LPC17xx.o
 .debug_abbrev  0x00000697       0x12 /usr/local/pkg/lpc1700-cmsis-lite-2011.01.26-i686-1/lib/startup_LPC17xx.o
 .debug_abbrev  0x000006a9      0x1c8 /usr/local/pkg/lpc1700-cmsis-lite-2011.01.26-i686-1/lib/libDriversLPC17xxgnu.a(debug_frmwrk.o)
 .debug_abbrev  0x00000871      0x13d /usr/local/pkg/lpc1700-cmsis-lite-2011.01.26-i686-1/lib/libDriversLPC17xxgnu.a(lpc17xx_adc.o)
 .debug_abbrev  0x000009ae      0x195 /usr/local/pkg/lpc1700-cmsis-lite-2011.01.26-i686-1/lib/libDriversLPC17xxgnu.a(lpc17xx_clkpwr.o)
 .debug_abbrev  0x00000b43      0x1c9 /usr/local/pkg/lpc1700-cmsis-lite-2011.01.26-i686-1/lib/libDriversLPC17xxgnu.a(lpc17xx_gpio.o)
 .debug_abbrev  0x00000d0c      0x214 /usr/local/pkg/lpc1700-cmsis-lite-2011.01.26-i686-1/lib/libDriversLPC17xxgnu.a(lpc17xx_i2c.o)
 .debug_abbrev  0x00000f20       0x68 /usr/local/pkg/lpc1700-cmsis-lite-2011.01.26-i686-1/lib/libDriversLPC17xxgnu.a(lpc17xx_libcfg_default.o)
 .debug_abbrev  0x00000f88      0x11d /usr/local/pkg/lpc1700-cmsis-lite-2011.01.26-i686-1/lib/libDriversLPC17xxgnu.a(lpc17xx_pinsel.o)
 .debug_abbrev  0x000010a5      0x118 /usr/local/pkg/lpc1700-cmsis-lite-2011.01.26-i686-1/lib/libDriversLPC17xxgnu.a(lpc17xx_systick.o)
 .debug_abbrev  0x000011bd      0x1b4 /usr/local/pkg/lpc1700-cmsis-lite-2011.01.26-i686-1/lib/libDriversLPC17xxgnu.a(lpc17xx_timer.o)
 .debug_abbrev  0x00001371      0x1ce /usr/local/pkg/lpc1700-cmsis-lite-2011.01.26-i686-1/lib/libDriversLPC17xxgnu.a(lpc17xx_uart.o)

.debug_line     0x00000000     0x3234
 *(.debug_line)
 .debug_line    0x00000000      0x215 calibrate.o
 .debug_line    0x00000215      0x433 modules.o
 .debug_line    0x00000648      0x2a4 m3pi.o
 .debug_line    0x000008ec       0x1d /usr/local/pkg/lpc1700-cmsis-lite-2011.01.26-i686-1/lib/core_cm3.o
 .debug_line    0x00000909      0x1e4 /usr/local/pkg/lpc1700-cmsis-lite-2011.01.26-i686-1/lib/system_LPC17xx.o
 .debug_line    0x00000aed       0xb1 /usr/local/pkg/lpc1700-cmsis-lite-2011.01.26-i686-1/lib/startup_LPC17xx.o
 .debug_line    0x00000b9e      0x319 /usr/local/pkg/lpc1700-cmsis-lite-2011.01.26-i686-1/lib/libDriversLPC17xxgnu.a(debug_frmwrk.o)
 .debug_line    0x00000eb7      0x386 /usr/local/pkg/lpc1700-cmsis-lite-2011.01.26-i686-1/lib/libDriversLPC17xxgnu.a(lpc17xx_adc.o)
 .debug_line    0x0000123d      0x29a /usr/local/pkg/lpc1700-cmsis-lite-2011.01.26-i686-1/lib/libDriversLPC17xxgnu.a(lpc17xx_clkpwr.o)
 .debug_line    0x000014d7      0x449 /usr/local/pkg/lpc1700-cmsis-lite-2011.01.26-i686-1/lib/libDriversLPC17xxgnu.a(lpc17xx_gpio.o)
 .debug_line    0x00001920      0x67c /usr/local/pkg/lpc1700-cmsis-lite-2011.01.26-i686-1/lib/libDriversLPC17xxgnu.a(lpc17xx_i2c.o)
 .debug_line    0x00001f9c       0xc4 /usr/local/pkg/lpc1700-cmsis-lite-2011.01.26-i686-1/lib/libDriversLPC17xxgnu.a(lpc17xx_libcfg_default.o)
 .debug_line    0x00002060      0x220 /usr/local/pkg/lpc1700-cmsis-lite-2011.01.26-i686-1/lib/libDriversLPC17xxgnu.a(lpc17xx_pinsel.o)
 .debug_line    0x00002280      0x22c /usr/local/pkg/lpc1700-cmsis-lite-2011.01.26-i686-1/lib/libDriversLPC17xxgnu.a(lpc17xx_systick.o)
 .debug_line    0x000024ac      0x500 /usr/local/pkg/lpc1700-cmsis-lite-2011.01.26-i686-1/lib/libDriversLPC17xxgnu.a(lpc17xx_timer.o)
 .debug_line    0x000029ac      0x888 /usr/local/pkg/lpc1700-cmsis-lite-2011.01.26-i686-1/lib/libDriversLPC17xxgnu.a(lpc17xx_uart.o)

.debug_frame    0x00000000     0x1928
 *(.debug_frame)
 .debug_frame   0x00000000       0xbc calibrate.o
 .debug_frame   0x000000bc      0x248 modules.o
 .debug_frame   0x00000304      0x2d8 m3pi.o
 .debug_frame   0x000005dc       0x40 /usr/local/pkg/lpc1700-cmsis-lite-2011.01.26-i686-1/lib/system_LPC17xx.o
 .debug_frame   0x0000061c       0x20 /usr/local/pkg/sourcery-g++-lite-arm-eabi-2010.09.51-i686-1/arm-none-eabi/lib/thumb2/libc.a(lib_a-abs.o)
 .debug_frame   0x0000063c       0x40 /usr/local/pkg/sourcery-g++-lite-arm-eabi-2010.09.51-i686-1/arm-none-eabi/lib/thumb2/libcs3.a(start_c.o)
 .debug_frame   0x0000067c       0x2c /usr/local/pkg/sourcery-g++-lite-arm-eabi-2010.09.51-i686-1/arm-none-eabi/lib/thumb2/libc.a(lib_a-init.o)
 .debug_frame   0x000006a8      0x170 /usr/local/pkg/lpc1700-cmsis-lite-2011.01.26-i686-1/lib/libDriversLPC17xxgnu.a(debug_frmwrk.o)
 .debug_frame   0x00000818      0x1ac /usr/local/pkg/lpc1700-cmsis-lite-2011.01.26-i686-1/lib/libDriversLPC17xxgnu.a(lpc17xx_adc.o)
 .debug_frame   0x000009c4       0xe4 /usr/local/pkg/lpc1700-cmsis-lite-2011.01.26-i686-1/lib/libDriversLPC17xxgnu.a(lpc17xx_clkpwr.o)
 .debug_frame   0x00000aa8      0x378 /usr/local/pkg/lpc1700-cmsis-lite-2011.01.26-i686-1/lib/libDriversLPC17xxgnu.a(lpc17xx_gpio.o)
 .debug_frame   0x00000e20      0x2d0 /usr/local/pkg/lpc1700-cmsis-lite-2011.01.26-i686-1/lib/libDriversLPC17xxgnu.a(lpc17xx_i2c.o)
 .debug_frame   0x000010f0       0x2c /usr/local/pkg/lpc1700-cmsis-lite-2011.01.26-i686-1/lib/libDriversLPC17xxgnu.a(lpc17xx_libcfg_default.o)
 .debug_frame   0x0000111c       0xbc /usr/local/pkg/lpc1700-cmsis-lite-2011.01.26-i686-1/lib/libDriversLPC17xxgnu.a(lpc17xx_pinsel.o)
 .debug_frame   0x000011d8       0xc0 /usr/local/pkg/lpc1700-cmsis-lite-2011.01.26-i686-1/lib/libDriversLPC17xxgnu.a(lpc17xx_systick.o)
 .debug_frame   0x00001298      0x208 /usr/local/pkg/lpc1700-cmsis-lite-2011.01.26-i686-1/lib/libDriversLPC17xxgnu.a(lpc17xx_timer.o)
 .debug_frame   0x000014a0      0x3a0 /usr/local/pkg/lpc1700-cmsis-lite-2011.01.26-i686-1/lib/libDriversLPC17xxgnu.a(lpc17xx_uart.o)
 .debug_frame   0x00001840       0x50 /usr/local/pkg/sourcery-g++-lite-arm-eabi-2010.09.51-i686-1/bin/../lib/gcc/arm-none-eabi/4.5.1/thumb2/libgcc.a(bpabi.o)
 .debug_frame   0x00001890       0x3c /usr/local/pkg/sourcery-g++-lite-arm-eabi-2010.09.51-i686-1/bin/../lib/gcc/arm-none-eabi/4.5.1/thumb2/libgcc.a(_divdi3.o)
 .debug_frame   0x000018cc       0x3c /usr/local/pkg/sourcery-g++-lite-arm-eabi-2010.09.51-i686-1/bin/../lib/gcc/arm-none-eabi/4.5.1/thumb2/libgcc.a(_udivdi3.o)
 .debug_frame   0x00001908       0x20 /usr/local/pkg/sourcery-g++-lite-arm-eabi-2010.09.51-i686-1/bin/../lib/gcc/arm-none-eabi/4.5.1/thumb2/libgcc.a(_udivsi3.o)

.debug_str      0x00000000     0x2769
 *(.debug_str)
 .debug_str     0x00000000      0x20c calibrate.o
                                0x253 (size before relaxing)
 .debug_str     0x0000020c      0xa58 modules.o
                                0xc36 (size before relaxing)
 .debug_str     0x00000c64      0x10b m3pi.o
                                0x21c (size before relaxing)
 .debug_str     0x00000d6f       0x42 /usr/local/pkg/lpc1700-cmsis-lite-2011.01.26-i686-1/lib/core_cm3.o
                                 0xd2 (size before relaxing)
 .debug_str     0x00000db1      0x18b /usr/local/pkg/lpc1700-cmsis-lite-2011.01.26-i686-1/lib/system_LPC17xx.o
                                0x2d5 (size before relaxing)
 .debug_str     0x00000f3c      0x129 /usr/local/pkg/lpc1700-cmsis-lite-2011.01.26-i686-1/lib/libDriversLPC17xxgnu.a(debug_frmwrk.o)
                                0x3f3 (size before relaxing)
 .debug_str     0x00001065      0x243 /usr/local/pkg/lpc1700-cmsis-lite-2011.01.26-i686-1/lib/libDriversLPC17xxgnu.a(lpc17xx_adc.o)
                                0x493 (size before relaxing)
 .debug_str     0x000012a8       0xc4 /usr/local/pkg/lpc1700-cmsis-lite-2011.01.26-i686-1/lib/libDriversLPC17xxgnu.a(lpc17xx_clkpwr.o)
                                0x380 (size before relaxing)
 .debug_str     0x0000136c      0x40e /usr/local/pkg/lpc1700-cmsis-lite-2011.01.26-i686-1/lib/libDriversLPC17xxgnu.a(lpc17xx_gpio.o)
                                0x545 (size before relaxing)
 .debug_str     0x0000177a      0x330 /usr/local/pkg/lpc1700-cmsis-lite-2011.01.26-i686-1/lib/libDriversLPC17xxgnu.a(lpc17xx_i2c.o)
                                0x840 (size before relaxing)
 .debug_str     0x00001aaa       0x2b /usr/local/pkg/lpc1700-cmsis-lite-2011.01.26-i686-1/lib/libDriversLPC17xxgnu.a(lpc17xx_libcfg_default.o)
                                0x107 (size before relaxing)
 .debug_str     0x00001ad5      0x1fb /usr/local/pkg/lpc1700-cmsis-lite-2011.01.26-i686-1/lib/libDriversLPC17xxgnu.a(lpc17xx_pinsel.o)
                                0x359 (size before relaxing)
 .debug_str     0x00001cd0       0xb2 /usr/local/pkg/lpc1700-cmsis-lite-2011.01.26-i686-1/lib/libDriversLPC17xxgnu.a(lpc17xx_systick.o)
                                0x1e6 (size before relaxing)
 .debug_str     0x00001d82      0x25e /usr/local/pkg/lpc1700-cmsis-lite-2011.01.26-i686-1/lib/libDriversLPC17xxgnu.a(lpc17xx_timer.o)
                                0x587 (size before relaxing)
 .debug_str     0x00001fe0      0x789 /usr/local/pkg/lpc1700-cmsis-lite-2011.01.26-i686-1/lib/libDriversLPC17xxgnu.a(lpc17xx_uart.o)
                                0xb32 (size before relaxing)

.debug_loc      0x00000000     0x28bc
 *(.debug_loc)
 .debug_loc     0x00000000      0x120 calibrate.o
 .debug_loc     0x00000120      0x3f2 modules.o
 .debug_loc     0x00000512      0x4c0 m3pi.o
 .debug_loc     0x000009d2       0x58 /usr/local/pkg/lpc1700-cmsis-lite-2011.01.26-i686-1/lib/system_LPC17xx.o
 .debug_loc     0x00000a2a      0x268 /usr/local/pkg/lpc1700-cmsis-lite-2011.01.26-i686-1/lib/libDriversLPC17xxgnu.a(debug_frmwrk.o)
 .debug_loc     0x00000c92      0x2d8 /usr/local/pkg/lpc1700-cmsis-lite-2011.01.26-i686-1/lib/libDriversLPC17xxgnu.a(lpc17xx_adc.o)
 .debug_loc     0x00000f6a      0x190 /usr/local/pkg/lpc1700-cmsis-lite-2011.01.26-i686-1/lib/libDriversLPC17xxgnu.a(lpc17xx_clkpwr.o)
 .debug_loc     0x000010fa      0x620 /usr/local/pkg/lpc1700-cmsis-lite-2011.01.26-i686-1/lib/libDriversLPC17xxgnu.a(lpc17xx_gpio.o)
 .debug_loc     0x0000171a      0x508 /usr/local/pkg/lpc1700-cmsis-lite-2011.01.26-i686-1/lib/libDriversLPC17xxgnu.a(lpc17xx_i2c.o)
 .debug_loc     0x00001c22       0x38 /usr/local/pkg/lpc1700-cmsis-lite-2011.01.26-i686-1/lib/libDriversLPC17xxgnu.a(lpc17xx_libcfg_default.o)
 .debug_loc     0x00001c5a      0x150 /usr/local/pkg/lpc1700-cmsis-lite-2011.01.26-i686-1/lib/libDriversLPC17xxgnu.a(lpc17xx_pinsel.o)
 .debug_loc     0x00001daa      0x138 /usr/local/pkg/lpc1700-cmsis-lite-2011.01.26-i686-1/lib/libDriversLPC17xxgnu.a(lpc17xx_systick.o)
 .debug_loc     0x00001ee2      0x380 /usr/local/pkg/lpc1700-cmsis-lite-2011.01.26-i686-1/lib/libDriversLPC17xxgnu.a(lpc17xx_timer.o)
 .debug_loc     0x00002262      0x65a /usr/local/pkg/lpc1700-cmsis-lite-2011.01.26-i686-1/lib/libDriversLPC17xxgnu.a(lpc17xx_uart.o)

.debug_macinfo
 *(.debug_macinfo)

.debug_weaknames
 *(.debug_weaknames)

.debug_funcnames
 *(.debug_funcnames)

.debug_typenames
 *(.debug_typenames)

.debug_varnames
 *(.debug_varnames)

.note.gnu.arm.ident
 *(.note.gnu.arm.ident)

.ARM.attributes
                0x00000000       0x25
 *(.ARM.attributes)
 .ARM.attributes
                0x00000000       0x19 /usr/local/pkg/sourcery-g++-lite-arm-eabi-2010.09.51-i686-1/bin/../lib/gcc/arm-none-eabi/4.5.1/thumb2/crti.o
 .ARM.attributes
                0x00000019       0x29 /usr/local/pkg/sourcery-g++-lite-arm-eabi-2010.09.51-i686-1/bin/../lib/gcc/arm-none-eabi/4.5.1/thumb2/crtbegin.o
 .ARM.attributes
                0x00000042       0x31 calibrate.o
 .ARM.attributes
                0x00000073       0x31 modules.o
 .ARM.attributes
                0x000000a4       0x31 m3pi.o
 .ARM.attributes
                0x000000d5       0x31 /usr/local/pkg/lpc1700-cmsis-lite-2011.01.26-i686-1/lib/core_cm3.o
 .ARM.attributes
                0x00000106       0x31 /usr/local/pkg/lpc1700-cmsis-lite-2011.01.26-i686-1/lib/system_LPC17xx.o
 .ARM.attributes
                0x00000137       0x21 /usr/local/pkg/lpc1700-cmsis-lite-2011.01.26-i686-1/lib/startup_LPC17xx.o
 .ARM.attributes
                0x00000158       0x29 /usr/local/pkg/sourcery-g++-lite-arm-eabi-2010.09.51-i686-1/arm-none-eabi/lib/thumb2/libc.a(lib_a-abs.o)
 .ARM.attributes
                0x00000181       0x1b /usr/local/pkg/sourcery-g++-lite-arm-eabi-2010.09.51-i686-1/bin/../lib/gcc/arm-none-eabi/4.5.1/thumb2/libgcc.a(_arm_addsubdf3.o)
 .ARM.attributes
                0x0000019c       0x1b /usr/local/pkg/sourcery-g++-lite-arm-eabi-2010.09.51-i686-1/bin/../lib/gcc/arm-none-eabi/4.5.1/thumb2/libgcc.a(_arm_muldivdf3.o)
 .ARM.attributes
                0x000001b7       0x1b /usr/local/pkg/sourcery-g++-lite-arm-eabi-2010.09.51-i686-1/bin/../lib/gcc/arm-none-eabi/4.5.1/thumb2/libgcc.a(_arm_truncdfsf2.o)
 .ARM.attributes
                0x000001d2       0x1b /usr/local/pkg/sourcery-g++-lite-arm-eabi-2010.09.51-i686-1/bin/../lib/gcc/arm-none-eabi/4.5.1/thumb2/libgcc.a(_arm_addsubsf3.o)
 .ARM.attributes
                0x000001ed       0x29 /usr/local/pkg/sourcery-g++-lite-arm-eabi-2010.09.51-i686-1/arm-none-eabi/lib/thumb2/libcs3.a(start_c.o)
 .ARM.attributes
                0x00000216       0x19 /usr/local/pkg/sourcery-g++-lite-arm-eabi-2010.09.51-i686-1/arm-none-eabi/lib/thumb2/libcs3unhosted.a(unhosted-start.o)
 .ARM.attributes
                0x0000022f       0x29 /usr/local/pkg/sourcery-g++-lite-arm-eabi-2010.09.51-i686-1/arm-none-eabi/lib/thumb2/libc.a(lib_a-init.o)
 .ARM.attributes
                0x00000258       0x31 /usr/local/pkg/lpc1700-cmsis-lite-2011.01.26-i686-1/lib/libDriversLPC17xxgnu.a(debug_frmwrk.o)
 .ARM.attributes
                0x00000289       0x31 /usr/local/pkg/lpc1700-cmsis-lite-2011.01.26-i686-1/lib/libDriversLPC17xxgnu.a(lpc17xx_adc.o)
 .ARM.attributes
                0x000002ba       0x31 /usr/local/pkg/lpc1700-cmsis-lite-2011.01.26-i686-1/lib/libDriversLPC17xxgnu.a(lpc17xx_clkpwr.o)
 .ARM.attributes
                0x000002eb       0x31 /usr/local/pkg/lpc1700-cmsis-lite-2011.01.26-i686-1/lib/libDriversLPC17xxgnu.a(lpc17xx_gpio.o)
 .ARM.attributes
                0x0000031c       0x31 /usr/local/pkg/lpc1700-cmsis-lite-2011.01.26-i686-1/lib/libDriversLPC17xxgnu.a(lpc17xx_i2c.o)
 .ARM.attributes
                0x0000034d       0x31 /usr/local/pkg/lpc1700-cmsis-lite-2011.01.26-i686-1/lib/libDriversLPC17xxgnu.a(lpc17xx_libcfg_default.o)
 .ARM.attributes
                0x0000037e       0x31 /usr/local/pkg/lpc1700-cmsis-lite-2011.01.26-i686-1/lib/libDriversLPC17xxgnu.a(lpc17xx_pinsel.o)
 .ARM.attributes
                0x000003af       0x31 /usr/local/pkg/lpc1700-cmsis-lite-2011.01.26-i686-1/lib/libDriversLPC17xxgnu.a(lpc17xx_systick.o)
 .ARM.attributes
                0x000003e0       0x31 /usr/local/pkg/lpc1700-cmsis-lite-2011.01.26-i686-1/lib/libDriversLPC17xxgnu.a(lpc17xx_timer.o)
 .ARM.attributes
                0x00000411       0x31 /usr/local/pkg/lpc1700-cmsis-lite-2011.01.26-i686-1/lib/libDriversLPC17xxgnu.a(lpc17xx_uart.o)
 .ARM.attributes
                0x00000442       0x1b /usr/local/pkg/sourcery-g++-lite-arm-eabi-2010.09.51-i686-1/bin/../lib/gcc/arm-none-eabi/4.5.1/thumb2/libgcc.a(_arm_cmpsf2.o)
 .ARM.attributes
                0x0000045d       0x1b /usr/local/pkg/sourcery-g++-lite-arm-eabi-2010.09.51-i686-1/bin/../lib/gcc/arm-none-eabi/4.5.1/thumb2/libgcc.a(_aeabi_uldivmod.o)
 .ARM.attributes
                0x00000478       0x29 /usr/local/pkg/sourcery-g++-lite-arm-eabi-2010.09.51-i686-1/bin/../lib/gcc/arm-none-eabi/4.5.1/thumb2/libgcc.a(bpabi.o)
 .ARM.attributes
                0x000004a1       0x1b /usr/local/pkg/sourcery-g++-lite-arm-eabi-2010.09.51-i686-1/bin/../lib/gcc/arm-none-eabi/4.5.1/thumb2/libgcc.a(_dvmd_tls.o)
 .ARM.attributes
                0x000004bc       0x29 /usr/local/pkg/sourcery-g++-lite-arm-eabi-2010.09.51-i686-1/bin/../lib/gcc/arm-none-eabi/4.5.1/thumb2/libgcc.a(_divdi3.o)
 .ARM.attributes
                0x000004e5       0x29 /usr/local/pkg/sourcery-g++-lite-arm-eabi-2010.09.51-i686-1/bin/../lib/gcc/arm-none-eabi/4.5.1/thumb2/libgcc.a(_udivdi3.o)
 .ARM.attributes
                0x0000050e       0x1b /usr/local/pkg/sourcery-g++-lite-arm-eabi-2010.09.51-i686-1/bin/../lib/gcc/arm-none-eabi/4.5.1/thumb2/libgcc.a(_udivsi3.o)
 .ARM.attributes
                0x00000529       0x29 /usr/local/pkg/sourcery-g++-lite-arm-eabi-2010.09.51-i686-1/bin/../lib/gcc/arm-none-eabi/4.5.1/thumb2/crtend.o
 .ARM.attributes
                0x00000552       0x19 /usr/local/pkg/sourcery-g++-lite-arm-eabi-2010.09.51-i686-1/bin/../lib/gcc/arm-none-eabi/4.5.1/thumb2/crtn.o

/DISCARD/
 *(.note.GNU-stack)
LOAD /usr/local/pkg/lpc1700-cmsis-lite-2011.01.26-i686-1/lib/libDriversLPC17xxgnu.a
START GROUP
LOAD /usr/local/pkg/sourcery-g++-lite-arm-eabi-2010.09.51-i686-1/bin/../lib/gcc/arm-none-eabi/4.5.1/thumb2/libgcc.a
LOAD /usr/local/pkg/sourcery-g++-lite-arm-eabi-2010.09.51-i686-1/arm-none-eabi/lib/thumb2/libc.a
END GROUP
LOAD /usr/local/pkg/sourcery-g++-lite-arm-eabi-2010.09.51-i686-1/bin/../lib/gcc/arm-none-eabi/4.5.1/thumb2/crtend.o
LOAD /usr/local/pkg/sourcery-g++-lite-arm-eabi-2010.09.51-i686-1/bin/../lib/gcc/arm-none-eabi/4.5.1/thumb2/crtn.o
OUTPUT(bin/calibrate elf32-littlearm)

.debug_pubtypes
                0x00000000      0xaa7
 .debug_pubtypes
                0x00000000       0x6d calibrate.o
 .debug_pubtypes
                0x0000006d      0x1d6 modules.o
 .debug_pubtypes
                0x00000243       0x43 m3pi.o
 .debug_pubtypes
                0x00000286       0x12 /usr/local/pkg/lpc1700-cmsis-lite-2011.01.26-i686-1/lib/core_cm3.o
 .debug_pubtypes
                0x00000298       0x57 /usr/local/pkg/lpc1700-cmsis-lite-2011.01.26-i686-1/lib/system_LPC17xx.o
 .debug_pubtypes
                0x000002ef       0xc0 /usr/local/pkg/lpc1700-cmsis-lite-2011.01.26-i686-1/lib/libDriversLPC17xxgnu.a(debug_frmwrk.o)
 .debug_pubtypes
                0x000003af       0x90 /usr/local/pkg/lpc1700-cmsis-lite-2011.01.26-i686-1/lib/libDriversLPC17xxgnu.a(lpc17xx_adc.o)
 .debug_pubtypes
                0x0000043f       0x6b /usr/local/pkg/lpc1700-cmsis-lite-2011.01.26-i686-1/lib/libDriversLPC17xxgnu.a(lpc17xx_clkpwr.o)
 .debug_pubtypes
                0x000004aa       0xb5 /usr/local/pkg/lpc1700-cmsis-lite-2011.01.26-i686-1/lib/libDriversLPC17xxgnu.a(lpc17xx_gpio.o)
 .debug_pubtypes
                0x0000055f      0x113 /usr/local/pkg/lpc1700-cmsis-lite-2011.01.26-i686-1/lib/libDriversLPC17xxgnu.a(lpc17xx_i2c.o)
 .debug_pubtypes
                0x00000672       0x2b /usr/local/pkg/lpc1700-cmsis-lite-2011.01.26-i686-1/lib/libDriversLPC17xxgnu.a(lpc17xx_libcfg_default.o)
 .debug_pubtypes
                0x0000069d       0x76 /usr/local/pkg/lpc1700-cmsis-lite-2011.01.26-i686-1/lib/libDriversLPC17xxgnu.a(lpc17xx_pinsel.o)
 .debug_pubtypes
                0x00000713       0x5c /usr/local/pkg/lpc1700-cmsis-lite-2011.01.26-i686-1/lib/libDriversLPC17xxgnu.a(lpc17xx_systick.o)
 .debug_pubtypes